just gen-check
wails generate module
[31;107m[31;107m ♥  [0m[0m [92m[92mIf Wails is useful to you or your company, please consider sponsoring the project:[0m[0m
https://github.com/sponsors/leaanthony
git diff --exit-code -- frontend/wailsjs/
just frontend-build
npm --prefix frontend run build

> frontend@0.0.0 prebuild
> npm run check:editor-themes


> frontend@0.0.0 check:editor-themes
> node scripts/check-editor-themes.mjs


> frontend@0.0.0 build
> tsc --noEmit && vite build

vite v7.3.6 building client environment for production...
transforming...
✓ 1069 modules transformed.
rendering chunks...
[plugin vite:reporter] 
(!) /Users/ok/Development/GitHub/go_mark_edit/frontend/src/logic/adapter/index.ts is dynamically imported by /Users/ok/Development/GitHub/go_mark_edit/frontend/src/App.tsx, /Users/ok/Development/GitHub/go_mark_edit/frontend/src/App.tsx, /Users/ok/Development/GitHub/go_mark_edit/frontend/src/App.tsx but also statically imported by /Users/ok/Development/GitHub/go_mark_edit/frontend/src/App.tsx, /Users/ok/Development/GitHub/go_mark_edit/frontend/src/logic/hooks/useLivePreview.ts, /Users/ok/Development/GitHub/go_mark_edit/frontend/src/logic/hooks/useSyncedBuffer.ts, /Users/ok/Development/GitHub/go_mark_edit/frontend/src/logic/settings/editorSettings.ts, /Users/ok/Development/GitHub/go_mark_edit/frontend/src/logic/store/docViewCommands.ts, /Users/ok/Development/GitHub/go_mark_edit/frontend/src/logic/store/uiLayoutCommands.ts, /Users/ok/Development/GitHub/go_mark_edit/frontend/src/ui/widgets/AppearanceControls.tsx, /Users/ok/Development/GitHub/go_mark_edit/frontend/src/ui/widgets/DocumentTabs.tsx, /Users/ok/Development/GitHub/go_mark_edit/frontend/src/ui/widgets/EditorView.tsx, /Users/ok/Development/GitHub/go_mark_edit/frontend/src/ui/widgets/ShellMenuRow.tsx, dynamic import will not move module into another chunk.

computing gzip size...
dist/index.html                              0.45 kB │ gzip:   0.28 kB
dist/assets/Roboto-Latin-DSCY9ty2.woff2     37.52 kB
dist/assets/Inter-Latin-8kRkwJBP.woff2      48.43 kB
dist/assets/editor.worker-CdtUXE0K.js      231.31 kB
dist/assets/monacoSetup-DyX1CsEw.css        68.26 kB │ gzip:  11.14 kB
dist/assets/index-C9DtacIk.css              72.26 kB │ gzip:  13.48 kB
dist/assets/markdown-B811l8j2.js             3.65 kB │ gzip:   1.35 kB
dist/assets/index-jcDyO8e9.js               14.57 kB │ gzip:   5.06 kB
dist/assets/index-C6NQaGc0.js              678.86 kB │ gzip: 207.21 kB
dist/assets/monacoSetup-Dc6CV6ye.js      2,294.41 kB │ gzip: 592.24 kB

(!) Some chunks are larger than 500 kB after minification. Consider:
- Using dynamic import() to code-split the application
- Use build.rollupOptions.output.manualChunks to improve chunking: https://rollupjs.org/configuration-options/#output-manualchunks
- Adjust chunk size limit for this warning via build.chunkSizeWarningLimit.
✓ built in 3.38s

> frontend@0.0.0 postbuild
> node scripts/ensure-dist-placeholder.mjs && node scripts/check-production-network.mjs --source-root src --source-root public --source-root wailsjs/go --bundle-root dist --require-bundle

production network guard: ok
just fmt-check
just go-format-check
test -z "$(gofmt -l $(git ls-files '*.go'))"
just frontend-format-check
npm --prefix frontend run format:check

> frontend@0.0.0 format:check
> prettier --check .

Checking formatting...
All matched files use Prettier code style!
just lint
just go-lint
golangci-lint run ./...
0 issues.
just frontend-lint
npm --prefix frontend run lint

> frontend@0.0.0 lint
> eslint .


/Users/ok/Development/GitHub/go_mark_edit/frontend/src/ui/widgets/DocumentIdentity.tsx
  40:17  warning  Fast refresh only works when a file only exports components. Use a new file to share constants or functions between components  react-refresh/only-export-components

/Users/ok/Development/GitHub/go_mark_edit/frontend/src/ui/widgets/Launcher.tsx
  18:17  warning  Fast refresh only works when a file only exports components. Use a new file to share constants or functions between components  react-refresh/only-export-components

✖ 2 problems (0 errors, 2 warnings)

just typecheck
npm --prefix frontend run typecheck

> frontend@0.0.0 typecheck
> tsc --noEmit

just frontend-test
npm --prefix frontend test -- --passWithNoTests

> frontend@0.0.0 pretest
> npm run check:editor-themes


> frontend@0.0.0 check:editor-themes
> node scripts/check-editor-themes.mjs


> frontend@0.0.0 test
> node --test scripts/generate-editor-themes.test.mjs public/theme-bootstrap.test.mjs && jest --passWithNoTests

✔ applies only a current valid startup mirror before application code (2.763ms)
✔ resolves a current Auto mirror from the operating-system preference (0.5735ms)
✔ runs the blocking bootstrap before the application module (0.094167ms)
✔ generates six complete named Monaco themes from palette values (2.8195ms)
✔ converts CSS rgba palette values to Monaco-compatible hex (0.876208ms)
✔ shares each fenced-language value by appearance across themes (0.93675ms)
✔ rejects a palette missing a required Monaco token (0.345666ms)
✔ generates qualified Markdown and Go rules plus every required Monaco UI colour (0.563375ms)
✔ rejects duplicate, unresolved, and unsupported palette sources (0.293208ms)
✔ emits inactive highlight rules for every generated syntax token (0.5645ms)
ℹ tests 10
ℹ suites 0
ℹ pass 10
ℹ fail 0
ℹ cancelled 0
ℹ skipped 0
ℹ todo 0
ℹ duration_ms 71.224292

Test Suites: 76 passed, 76 total
Tests:       527 passed, 527 total
Snapshots:   0 total
Time:        9.493 s
Ran all test suites.
just go-vet
go vet ./internal/... .
just archtest
just go-archtest
go test -run TestArchitecture -count=1 ./internal/... .
ok  	github.com/sanyokkua/go_mark_edit/internal/apperr	0.281s
ok  	github.com/sanyokkua/go_mark_edit/internal/application	0.468s [no tests to run]
ok  	github.com/sanyokkua/go_mark_edit/internal/appmodel	0.684s [no tests to run]
ok  	github.com/sanyokkua/go_mark_edit/internal/bootstrap	0.905s [no tests to run]
ok  	github.com/sanyokkua/go_mark_edit/internal/db	1.294s [no tests to run]
?   	github.com/sanyokkua/go_mark_edit/internal/db/store	[no test files]
ok  	github.com/sanyokkua/go_mark_edit/internal/file	1.079s [no tests to run]
ok  	github.com/sanyokkua/go_mark_edit/internal/gate	1.671s [no tests to run]
ok  	github.com/sanyokkua/go_mark_edit/internal/logging	2.186s [no tests to run]
ok  	github.com/sanyokkua/go_mark_edit/internal/settings	1.515s [no tests to run]
ok  	github.com/sanyokkua/go_mark_edit	2.058s
just cgo-free-check
CGO_ENABLED=0 go build ./...
just migration-immutability-check
migrations: no committed file modified in place
just frontend-archtest
node frontend/scripts/archtest.mjs
archtest (frontend) — boundaries
archtest (frontend) — colour literals
archtest (frontend) — offline production sources

archtest (frontend): ok
just go-test
go test -race ./internal/... .
ok  	github.com/sanyokkua/go_mark_edit/internal/apperr	(cached)
ok  	github.com/sanyokkua/go_mark_edit/internal/application	1.805s
ok  	github.com/sanyokkua/go_mark_edit/internal/appmodel	3.861s
ok  	github.com/sanyokkua/go_mark_edit/internal/bootstrap	(cached)
ok  	github.com/sanyokkua/go_mark_edit/internal/db	(cached)
?   	github.com/sanyokkua/go_mark_edit/internal/db/store	[no test files]
ok  	github.com/sanyokkua/go_mark_edit/internal/file	(cached)
ok  	github.com/sanyokkua/go_mark_edit/internal/gate	(cached)
ok  	github.com/sanyokkua/go_mark_edit/internal/logging	(cached)
ok  	github.com/sanyokkua/go_mark_edit/internal/settings	(cached)
ok  	github.com/sanyokkua/go_mark_edit	7.650s
