$ GOCACHE=/tmp/gomarkedit-go-cache just build (sandboxed attempt)
wails build
Wails CLI v2.12.0
Platform(s) darwin/arm64
Build Mode production
Compiling frontend: Done.
Compiling application:
ERROR exit status 1
error: recipe `build` failed on line 21 with exit code 1
exit=1

$ GOCACHE=/tmp/gomarkedit-go-cache just build (host cache access allowed)
Compiling frontend: Done.
Compiling application: Done.
Packaging application: Done.
Self-signing application: Done.
Built '/Users/ok/Development/GitHub/go_mark_edit/build/bin/GoMarkEdit.app/Contents/MacOS/GoMarkEdit' in 8.829s.
exit=0

$ CGO_LDFLAGS='-framework UniformTypeIdentifiers' GOCACHE=/tmp/gomarkedit-go-cache go build -buildvcs=false -tags 'desktop,wv2runtime.download,production' -ldflags '-w -s' -o /tmp/GoMarkEdit-t032 .
exit=0

sha256:
ed3cb6335aa9f303340cc6e448f496958a39b6ac377df494559e57e2c3a664d8  /tmp/GoMarkEdit-t032
128bd6c743dc5d21d60c6d386ff54692886913b7e8e98a8dde552bf9052100a7  build/bin/GoMarkEdit.app/Contents/MacOS/GoMarkEdit

$ GOCACHE=/tmp/gomarkedit-go-cache just build (final source)
Built '/Users/ok/Development/GitHub/go_mark_edit/build/bin/GoMarkEdit.app/Contents/MacOS/GoMarkEdit' in 10.721s.
exit=0

sha256:
0bd747c0f8d3154d16f85dd0ce689bbae78f5756eddb3f9736e59fd0aa76b6f6  build/bin/GoMarkEdit.app/Contents/MacOS/GoMarkEdit

$ GOCACHE=/tmp/gomarkedit-go-cache just check (final source)
frontend: 67 suites, 359 tests passed
go race suite: passed
architecture, generated bindings, formatting, lint, typecheck, and offline/network guards: passed
exit=0
