just gen-check
wails generate module
 ♥   If Wails is useful to you or your company, please consider sponsoring the project:
https://github.com/sponsors/leaanthony
git diff --exit-code -- frontend/wailsjs/
just frontend-build
npm --prefix frontend run build

> frontend@0.0.0 prebuild
> npm run check:editor-themes


> frontend@0.0.0 check:editor-themes
> node scripts/check-editor-themes.mjs


> frontend@0.0.0 build
> tsc --noEmit && vite build

vite v7.3.6 building client environment for production...
transforming...
✓ 1076 modules transformed.
rendering chunks...
[plugin vite:reporter] 
(!) /Users/ok/Development/GitHub/go_mark_edit/frontend/src/logic/adapter/index.ts is dynamically imported by /Users/ok/Development/GitHub/go_mark_edit/frontend/src/App.tsx, /Users/ok/Development/GitHub/go_mark_edit/frontend/src/App.tsx, /Users/ok/Development/GitHub/go_mark_edit/frontend/src/App.tsx but also statically imported by /Users/ok/Development/GitHub/go_mark_edit/frontend/src/App.tsx, /Users/ok/Development/GitHub/go_mark_edit/frontend/src/logic/hooks/useLivePreview.ts, /Users/ok/Development/GitHub/go_mark_edit/frontend/src/logic/hooks/useSyncedBuffer.ts, /Users/ok/Development/GitHub/go_mark_edit/frontend/src/logic/settings/editorSettings.ts, /Users/ok/Development/GitHub/go_mark_edit/frontend/src/logic/store/docViewCommands.ts, /Users/ok/Development/GitHub/go_mark_edit/frontend/src/logic/store/uiLayoutCommands.ts, /Users/ok/Development/GitHub/go_mark_edit/frontend/src/ui/widgets/AppearanceControls.tsx, /Users/ok/Development/GitHub/go_mark_edit/frontend/src/ui/widgets/DocumentTabs.tsx, /Users/ok/Development/GitHub/go_mark_edit/frontend/src/ui/widgets/EditorView.tsx, /Users/ok/Development/GitHub/go_mark_edit/frontend/src/ui/widgets/ShellMenuRow.tsx, dynamic import will not move module into another chunk.

computing gzip size...
dist/index.html                              0.45 kB │ gzip:   0.28 kB
dist/assets/Roboto-Latin-DSCY9ty2.woff2     37.52 kB
dist/assets/Inter-Latin-8kRkwJBP.woff2      48.43 kB
dist/assets/editor.worker-CdtUXE0K.js      231.31 kB
dist/assets/index-CiFF4A5E.css              64.25 kB │ gzip:  12.28 kB
dist/assets/monacoSetup-DyX1CsEw.css        68.26 kB │ gzip:  11.14 kB
dist/assets/markdown-B811l8j2.js             3.65 kB │ gzip:   1.35 kB
dist/assets/index-ZnyltebK.js               14.57 kB │ gzip:   5.06 kB
dist/assets/index-Ccea3wI7.js              679.81 kB │ gzip: 208.40 kB
dist/assets/monacoSetup-CjYiJiGs.js      2,294.41 kB │ gzip: 592.24 kB

(!) Some chunks are larger than 500 kB after minification. Consider:
- Using dynamic import() to code-split the application
- Use build.rollupOptions.output.manualChunks to improve chunking: https://rollupjs.org/configuration-options/#output-manualchunks
- Adjust chunk size limit for this warning via build.chunkSizeWarningLimit.
✓ built in 3.62s

> frontend@0.0.0 postbuild
> node scripts/ensure-dist-placeholder.mjs && node scripts/check-production-network.mjs --source-root src --source-root public --source-root wailsjs/go --bundle-root dist --require-bundle

production network guard: ok
just fmt-check
just go-format-check
test -z "$(gofmt -l $(git ls-files '*.go'))"
just frontend-format-check
npm --prefix frontend run format:check

> frontend@0.0.0 format:check
> prettier --check .

Checking formatting...
All matched files use Prettier code style!
just lint
just go-lint
golangci-lint run ./...
level=error msg="Running error: context loading failed: no go files to analyze: running `go mod tidy` may solve the problem"
error: recipe `go-lint` failed on line 43 with exit code 5
error: recipe `lint` failed on line 46 with exit code 5
error: recipe `check` failed on line 159 with exit code 5
