just verify-ui
npm --prefix frontend run verify:ui

> frontend@0.0.0 verify:ui
> playwright test

[WebServer] (node:12436) Warning: The 'NO_COLOR' env is ignored due to the 'FORCE_COLOR' env being set.
[WebServer] (Use `node --trace-warnings ...` to show where the warning was created)
[WebServer] (node:12438) Warning: The 'NO_COLOR' env is ignored due to the 'FORCE_COLOR' env being set.
[WebServer] (Use `node --trace-warnings ...` to show where the warning was created)

Running 271 tests using 5 workers

(node:12440) Warning: The 'NO_COLOR' env is ignored due to the 'FORCE_COLOR' env being set.
(Use `node --trace-warnings ...` to show where the warning was created)
(node:12441) Warning: The 'NO_COLOR' env is ignored due to the 'FORCE_COLOR' env being set.
(Use `node --trace-warnings ...` to show where the warning was created)
(node:12442) Warning: The 'NO_COLOR' env is ignored due to the 'FORCE_COLOR' env being set.
(Use `node --trace-warnings ...` to show where the warning was created)
(node:12439) Warning: The 'NO_COLOR' env is ignored due to the 'FORCE_COLOR' env being set.
(Use `node --trace-warnings ...` to show where the warning was created)
(node:12443) Warning: The 'NO_COLOR' env is ignored due to the 'FORCE_COLOR' env being set.
(Use `node --trace-warnings ...` to show where the warning was created)
  ✓    2 [chromium] › e2e/interactive-states.test.ts:39:3 › T076 the File menu trigger lights up under the pointer (1.3s)
  ✓    4 [chromium] › e2e/launcher-binding.test.ts:51:1 › T057 draws the launcher frame and block from the binding (1.6s)
  ✓    5 [chromium] › e2e/editor-stage.test.ts:18:7 › T019 1280px Liquid Glass Auto (system) keeps the Editor stage reachable (1.7s)
  ✓    6 [chromium] › e2e/interactive-states.test.ts:60:3 › T076 the File menu trigger shows a visible focus ring (373ms)
  ✓    9 [chromium] › e2e/interactive-states.test.ts:39:3 › T076 the Settings menu trigger lights up under the pointer (596ms)
  ✓    7 [chromium] › e2e/launcher-binding.test.ts:79:1 › T057 draws the launcher type scale from the binding (751ms)
  ✓    8 [chromium] › e2e/editor-stage.test.ts:18:7 › T019 1280px Liquid Glass Light keeps the Editor stage reachable (973ms)
  ✓    1 [chromium] › e2e/core-editor.test.ts:206:1 › STORY-018-AC-1 verifies responsive editor dimensions (2.7s)
  ✓   10 [chromium] › e2e/interactive-states.test.ts:60:3 › T076 the Settings menu trigger shows a visible focus ring (465ms)
  ✓   11 [chromium] › e2e/launcher-binding.test.ts:109:1 › T057 draws the launcher actions from the binding (834ms)
  ✓   14 [chromium] › e2e/interactive-states.test.ts:39:3 › T076 the View menu trigger lights up under the pointer (767ms)
  ✓   12 [chromium] › e2e/editor-stage.test.ts:18:7 › T019 1280px Liquid Glass Dark keeps the Editor stage reachable (1.0s)
  ✓    3 [chromium] › e2e/appearance.test.ts:40:1 › changes all six palettes through keyboard reachable appearance controls without overflow (3.9s)
  ✓   16 [chromium] › e2e/interactive-states.test.ts:60:3 › T076 the View menu trigger shows a visible focus ring (384ms)
  ✓   15 [chromium] › e2e/launcher-binding.test.ts:152:1 › T057 draws the launcher recents list from the binding (834ms)
  ✓   18 [chromium] › e2e/appearance.test.ts:87:1 › uses the pre-paint mirror before canonical reconciliation and keeps the controls visibly focused with bundled typography (359ms)
  ✓   19 [chromium] › e2e/interactive-states.test.ts:39:3 › T076 the About menu trigger lights up under the pointer (441ms)
  ✓   17 [chromium] › e2e/editor-stage.test.ts:18:7 › T019 1280px Material Auto (system) keeps the Editor stage reachable (793ms)
  ✓   21 [chromium] › e2e/appearance.test.ts:173:1 › retains the acknowledged palette when the bridge rejects an appearance write (548ms)
  ✓   22 [chromium] › e2e/interactive-states.test.ts:60:3 › T076 the About menu trigger shows a visible focus ring (459ms)
  ✓   20 [chromium] › e2e/narrow-width.test.ts:218:1 › T084 375px reaches every relocated toolbar action through the overflow menu (927ms)
  ✓   23 [chromium] › e2e/editor-stage.test.ts:18:7 › T019 1280px Material Light keeps the Editor stage reachable (947ms)
  ✓   26 [chromium] › e2e/narrow-width.test.ts:276:1 › T084 768px relocates exactly the list and insert groups to the overflow menu (595ms)
  ✓   25 [chromium] › e2e/interactive-states.test.ts:85:1 › T076 an open menu trigger is drawn as open (1.0s)
  ✓   28 [chromium] › e2e/narrow-width.test.ts:370:5 › T084 768px keeps the menu row on one unwrapped line (435ms)
  ✓   29 [chromium] › e2e/interactive-states.test.ts:106:1 › T076 holds the arrangement segment at the toolbar trailing edge (311ms)
  ✓   27 [chromium] › e2e/editor-stage.test.ts:18:7 › T019 1280px Material Dark keeps the Editor stage reachable (772ms)
  ✓   30 [chromium] › e2e/narrow-width.test.ts:370:5 › T084 768px keeps the tab strip on one unwrapped line (308ms)
  ✓   33 [chromium] › e2e/narrow-width.test.ts:370:5 › T084 768px keeps the toolbar on one unwrapped line (301ms)
  ✓   31 [chromium] › e2e/interactive-states.test.ts:146:1 › T076 keeps every arrangement option reachable and exactly one checked (600ms)
  ✓   13 [chromium] › e2e/core-editor.test.ts:238:1 › STORY-022-AC-5 round trips an edit through Preview responsively (4.1s)
  ✓   32 [chromium] › e2e/editor-stage.test.ts:18:7 › T019 1280px Minimal Auto (system) keeps the Editor stage reachable (755ms)
  ✓   34 [chromium] › e2e/narrow-width.test.ts:370:5 › T084 768px keeps the status row on one unwrapped line (325ms)
  ✓   38 [chromium] › e2e/narrow-width.test.ts:445:3 › T084 768px keeps every status item unwrapped in the binding drop order (439ms)
  ✓   35 [chromium] › e2e/real-files-and-tabs.test.ts:5:1 › FT-VS-01 operates New/Open from the real File menu and keeps the shell usable (857ms)
  ✓   39 [chromium] › e2e/narrow-width.test.ts:370:5 › T084 375px keeps the menu row on one unwrapped line (306ms)
  ✓   37 [chromium] › e2e/editor-stage.test.ts:18:7 › T019 1280px Minimal Light keeps the Editor stage reachable (841ms)
  ✓   36 [chromium] › e2e/core-editor.test.ts:305:1 › STORY-022-AC-4 (EC-DOCS-12) keeps a focused Monaco source, caret, and selection across a metadata patch (1.2s)
  ✓   41 [chromium] › e2e/narrow-width.test.ts:370:5 › T084 375px keeps the tab strip on one unwrapped line (333ms)
  ✓   44 [chromium] › e2e/narrow-width.test.ts:370:5 › T084 375px keeps the toolbar on one unwrapped line (361ms)
  ✓   42 [chromium] › e2e/editor-stage.test.ts:18:7 › T019 1280px Minimal Dark keeps the Editor stage reachable (721ms)
  ✓   45 [chromium] › e2e/narrow-width.test.ts:370:5 › T084 375px keeps the status row on one unwrapped line (259ms)
  ✓   47 [chromium] › e2e/narrow-width.test.ts:445:3 › T084 375px keeps every status item unwrapped in the binding drop order (289ms)
  ✓   46 [chromium] › e2e/editor-stage.test.ts:18:7 › T019 768px Liquid Glass Auto (system) keeps the Editor stage reachable (655ms)
  ✓   40 [chromium] › e2e/real-files-and-tabs.test.ts:30:1 › FT-VS-02 flushes the latest edit and reports one explicit Save confirmation (1.6s)
  ✓   43 [chromium] › e2e/core-editor.test.ts:441:1 › STORY-018-AC-2 verifies the live editor preview flow (1.5s)
  ✓   49 [chromium] › e2e/editor-stage.test.ts:18:7 › T019 768px Liquid Glass Light keeps the Editor stage reachable (696ms)
  ✓   51 [chromium] › e2e/core-editor.test.ts:542:1 › STORY-018-AC-3 matches the approved split-view reference (355ms)
  ✓   50 [chromium] › e2e/real-files-and-tabs.test.ts:60:1 › FT-VS-03 exposes real tabs, backend-confirmed menu moves, and exact navigation (787ms)
  ✓   53 [chromium] › e2e/core-editor.test.ts:651:1 › STORY-032-AC-3 presents deterministic 1280x720 candidate for owner approval (340ms)
  ✓   48 [chromium] › e2e/narrow-width.test.ts:503:1 › T084 768px keeps the close prompt reachable, contained and answerable (1.6s)
  ✓   52 [chromium] › e2e/editor-stage.test.ts:18:7 › T019 768px Liquid Glass Dark keeps the Editor stage reachable (780ms)
  ✓   54 [chromium] › e2e/real-files-and-tabs.test.ts:107:1 › FR-FT-037 offers both actionable Reveal remediations, paints them, and runs each (904ms)
  ✓   55 [chromium] › e2e/core-editor.test.ts:677:1 › STORY-018-AC-4 verifies view-mode and View-menu interaction (890ms)
  ✓   56 [chromium] › e2e/narrow-width.test.ts:551:1 › T084 768px keeps the external-change prompt reachable, contained and answerable (756ms)
  ✓   57 [chromium] › e2e/editor-stage.test.ts:18:7 › T019 768px Material Auto (system) keeps the Editor stage reachable (762ms)
  ✓   61 [chromium] › e2e/editor-stage.test.ts:18:7 › T019 768px Material Light keeps the Editor stage reachable (709ms)
  ✓   58 [chromium] › e2e/real-files-and-tabs.test.ts:196:1 › FR-FT-015 offers Retry on a refused Save and re-issues the write (1.7s)
  ✓   62 [chromium] › e2e/editor-stage.test.ts:18:7 › T019 768px Material Dark keeps the Editor stage reachable (690ms)
  ✓   60 [chromium] › e2e/narrow-width.test.ts:587:1 › T084 768px keeps the normalization prompt reachable, contained and answerable (1.7s)
  ✓   63 [chromium] › e2e/real-files-and-tabs.test.ts:255:1 › FT-VS-04 shows the bounded external-change prompt and safe Skip decision (666ms)
  ✓   64 [chromium] › e2e/editor-stage.test.ts:18:7 › T019 768px Minimal Auto (system) keeps the Editor stage reachable (709ms)
  ✓   65 [chromium] › e2e/narrow-width.test.ts:636:1 › T084 768px renders, contains and operates the real launcher (803ms)
  ✓   66 [chromium] › e2e/real-files-and-tabs.test.ts:291:1 › FT-VS-05 exposes acknowledged autosave control and truthful save status wiring (619ms)
  ✓   67 [chromium] › e2e/editor-stage.test.ts:18:7 › T019 768px Minimal Light keeps the Editor stage reachable (728ms)
  ✓   68 [chromium] › e2e/narrow-width.test.ts:699:3 › T084 768px switches to Preview through the View menu and fills the region (769ms)
  ✓   70 [chromium] › e2e/editor-stage.test.ts:18:7 › T019 768px Minimal Dark keeps the Editor stage reachable (693ms)
  ✓   59 [chromium] › e2e/real-files-parity.test.ts:1091:1 › T050 reference navigation reaches every mapped probe before capture (4.0s)
  ✓   69 [chromium] › e2e/real-files-and-tabs.test.ts:333:1 › FT-VS-06 close plan gathers a complete choice before any tab removal (1.6s)
  ✓   71 [chromium] › e2e/narrow-width.test.ts:758:3 › T084 768px keeps the paused preview refresh control reachable (1.1s)
  ✓   72 [chromium] › e2e/editor-stage.test.ts:18:7 › T019 375px Liquid Glass Auto (system) keeps the Editor stage reachable (781ms)
  ✓   76 [chromium] › e2e/editor-stage.test.ts:18:7 › T019 375px Liquid Glass Light keeps the Editor stage reachable (855ms)
  ✓   75 [chromium] › e2e/narrow-width.test.ts:699:3 › T084 375px switches to Preview through the View menu and fills the region (903ms)
  ✓   74 [chromium] › e2e/real-files-and-tabs.test.ts:378:1 › T141 middle-click closes the targeted tab through the same dirty-close prompt (1.5s)
  ✓   77 [chromium] › e2e/editor-stage.test.ts:18:7 › T019 375px Liquid Glass Dark keeps the Editor stage reachable (839ms)
  ✓   79 [chromium] › e2e/real-files-and-tabs.test.ts:409:1 › T145 exposes every tab as an owned child of the tablist controlling the editor panel (593ms)
  ✓   78 [chromium] › e2e/narrow-width.test.ts:758:3 › T084 375px keeps the paused preview refresh control reachable (1.4s)
  ✓   81 [chromium] › e2e/real-files-and-tabs.test.ts:462:1 › T153 returns focus to the launcher New control when the last tab closes (528ms)
  ✓   80 [chromium] › e2e/editor-stage.test.ts:18:7 › T019 375px Material Auto (system) keeps the Editor stage reachable (813ms)
  ✓   73 [chromium] › e2e/real-files-parity.test.ts:1113:1 › T057 pairs file-only launcher variants before any screenshot comparison (3.7s)
  ✓   83 [chromium] › e2e/real-files-and-tabs.test.ts:486:1 › T129 reorders the active tab with the Move accelerators and no-ops at the edge (748ms)
  ✓   84 [chromium] › e2e/editor-stage.test.ts:18:7 › T019 375px Material Light keeps the Editor stage reachable (827ms)
  ✓   82 [chromium] › e2e/window-shell.test.ts:408:5 › T026 shell matrix 375 glass light (1.1s)
  ✓   86 [chromium] › e2e/real-files-and-tabs.test.ts:545:1 › T130 paints the drop position during a tab drag and reorders on release (779ms)
  ✓   87 [chromium] › e2e/editor-stage.test.ts:18:7 › T019 375px Material Dark keeps the Editor stage reachable (884ms)
  ✓   88 [chromium] › e2e/window-shell.test.ts:408:5 › T026 shell matrix 375 glass dark (1.4s)
  ✓   90 [chromium] › e2e/editor-stage.test.ts:18:7 › T019 375px Minimal Auto (system) keeps the Editor stage reachable (897ms)
  ✓   89 [chromium] › e2e/real-files-and-tabs.test.ts:602:1 › FT-VS-07 proves recents, reopen, launcher, and responsive status controls (1.5s)
  ✓   91 [chromium] › e2e/window-shell.test.ts:408:5 › T026 shell matrix 375 material light (1.1s)
  ✓   92 [chromium] › e2e/editor-stage.test.ts:18:7 › T019 375px Minimal Light keeps the Editor stage reachable (875ms)
  ✓   93 [chromium] › e2e/real-files-and-tabs.test.ts:716:1 › T051 keeps parity launchers isolated from the FT-VS-07 recent seed (778ms)
  ✓   95 [chromium] › e2e/editor-stage.test.ts:18:7 › T019 375px Minimal Dark keeps the Editor stage reachable (867ms)
  ✓   94 [chromium] › e2e/window-shell.test.ts:408:5 › T026 shell matrix 375 material dark (1.2s)
  ✓   96 [chromium] › e2e/real-files-and-tabs.test.ts:747:1 › FT-VS-08 keeps the close prompt until an explicit choice is made (1.6s)
  ✓   97 [chromium] › e2e/editor-stage.test.ts:141:7 › T070 1280px Liquid Glass Auto (system) keeps popup ownership and geometry safe (1.2s)
  ✓   98 [chromium] › e2e/window-shell.test.ts:408:5 › T026 shell matrix 375 minimal light (1.2s)
  ✓   99 [chromium] › e2e/real-files-and-tabs.test.ts:802:1 › FT-VS-09 refuses the forty-first document and names the limit (609ms)
  ✓  102 [chromium] › e2e/real-files-and-tabs.test.ts:828:1 › FT-VS-09 refuses an over-50-MiB file and names the limit (725ms)
  ✓  100 [chromium] › e2e/editor-stage.test.ts:141:7 › T070 1280px Liquid Glass Light keeps popup ownership and geometry safe (1.1s)
  ✓  101 [chromium] › e2e/window-shell.test.ts:408:5 › T026 shell matrix 375 minimal dark (1.2s)
  ✓  104 [chromium] › e2e/editor-stage.test.ts:141:7 › T070 1280px Liquid Glass Dark keeps popup ownership and geometry safe (1.1s)
  ✓  105 [chromium] › e2e/window-shell.test.ts:408:5 › T026 shell matrix 768 glass light (1.1s)
  ✓  103 [chromium] › e2e/real-files-and-tabs.test.ts:864:1 › FT-VS-10 dispatches the File accelerators the menu advertises (1.7s)
  ✓  106 [chromium] › e2e/editor-stage.test.ts:141:7 › T070 1280px Material Auto (system) keeps popup ownership and geometry safe (1.1s)
  ✓  107 [chromium] › e2e/window-shell.test.ts:408:5 › T026 shell matrix 768 glass dark (1.1s)
  ✓  108 [chromium] › e2e/real-files-and-tabs.test.ts:918:1 › T144 keeps the distinguishing suffix painted when the pixel budget truncates the tab label (963ms)
  ✓  109 [chromium] › e2e/editor-stage.test.ts:141:7 › T070 1280px Material Light keeps popup ownership and geometry safe (1.0s)
  ✓  111 [chromium] › e2e/real-files-and-tabs.test.ts:984:1 › T188 reports a refused activation exactly once (801ms)
  ✓  110 [chromium] › e2e/window-shell.test.ts:408:5 › T026 shell matrix 768 material light (1.3s)
  ✓  113 [chromium] › e2e/real-files-and-tabs.test.ts:1027:1 › T164 reports a refused close exactly once and keeps its Retry (664ms)
  ✓  112 [chromium] › e2e/editor-stage.test.ts:141:7 › T070 1280px Material Dark keeps popup ownership and geometry safe (1.1s)
  ✓  115 [chromium] › e2e/real-files-and-tabs.test.ts:1067:1 › T177 draws the dragged tab at reduced opacity while it is in flight (558ms)
  ✓  114 [chromium] › e2e/window-shell.test.ts:408:5 › T026 shell matrix 768 material dark (939ms)
  ✓  116 [chromium] › e2e/editor-stage.test.ts:141:7 › T070 1280px Minimal Auto (system) keeps popup ownership and geometry safe (969ms)
  ✓  117 [chromium] › e2e/real-files-and-tabs.test.ts:1118:1 › T177 auto-scrolls the tab strip when a drag reaches its trailing edge (1.3s)
  ✓  118 [chromium] › e2e/window-shell.test.ts:408:5 › T026 shell matrix 768 minimal light (1.1s)
  ✓  119 [chromium] › e2e/editor-stage.test.ts:141:7 › T070 1280px Minimal Light keeps popup ownership and geometry safe (1.1s)
  ✓  121 [chromium] › e2e/window-shell.test.ts:408:5 › T026 shell matrix 768 minimal dark (1.1s)
  ✓  120 [chromium] › e2e/real-files-and-tabs.test.ts:1183:1 › T192 keeps the reloaded content when the next edit is saved (1.1s)
  ✓  122 [chromium] › e2e/editor-stage.test.ts:141:7 › T070 1280px Minimal Dark keeps popup ownership and geometry safe (1.0s)
(node:12779) Warning: The 'NO_COLOR' env is ignored due to the 'FORCE_COLOR' env being set.
(Use `node --trace-warnings ...` to show where the warning was created)
  ✓  123 [chromium] › e2e/window-shell.test.ts:408:5 › T026 shell matrix 1280 glass light (1.2s)
  ✓  124 [chromium] › e2e/editor-stage.test.ts:141:7 › T070 768px Liquid Glass Auto (system) keeps popup ownership and geometry safe (1.1s)
  ✓  126 [chromium] › e2e/window-shell.test.ts:408:5 › T026 shell matrix 1280 glass dark (1.3s)
  ✓  127 [chromium] › e2e/editor-stage.test.ts:141:7 › T070 768px Liquid Glass Light keeps popup ownership and geometry safe (1.2s)
  ✓  128 [chromium] › e2e/window-shell.test.ts:408:5 › T026 shell matrix 1280 material light (945ms)
  ✓  129 [chromium] › e2e/editor-stage.test.ts:141:7 › T070 768px Liquid Glass Dark keeps popup ownership and geometry safe (1.0s)
  ✓  130 [chromium] › e2e/window-shell.test.ts:408:5 › T026 shell matrix 1280 material dark (876ms)
  ✓  131 [chromium] › e2e/editor-stage.test.ts:141:7 › T070 768px Material Auto (system) keeps popup ownership and geometry safe (932ms)
  ✓  125 [parity] › e2e/targeted-parity.test.ts:1058:3 › T058 state-pairs the closed menubar in glass-light (3.8s)
  ✓  132 [chromium] › e2e/window-shell.test.ts:408:5 › T026 shell matrix 1280 minimal light (932ms)
  ✓  133 [chromium] › e2e/editor-stage.test.ts:141:7 › T070 768px Material Light keeps popup ownership and geometry safe (933ms)
  ✓  135 [chromium] › e2e/window-shell.test.ts:408:5 › T026 shell matrix 1280 minimal dark (1.0s)
  ✓  137 [chromium] › e2e/window-shell.test.ts:553:1 › T039 native minimum frame rounding drops the workspace entirely (263ms)
  ✓  136 [chromium] › e2e/editor-stage.test.ts:141:7 › T070 768px Material Dark keeps popup ownership and geometry safe (968ms)
  ✓  138 [chromium] › e2e/window-shell.test.ts:586:3 › T040 Settings popup stays operable inside the 375px viewport (646ms)
  ✓  139 [chromium] › e2e/editor-stage.test.ts:141:7 › T070 768px Minimal Auto (system) keeps popup ownership and geometry safe (948ms)
  ✓  140 [chromium] › e2e/window-shell.test.ts:586:3 › T040 Settings popup stays operable inside the 768px viewport (586ms)
  ✓  134 [parity] › e2e/targeted-parity.test.ts:1058:3 › T058 state-pairs the closed menubar in glass-dark (3.7s)
  ✓  142 [chromium] › e2e/window-shell.test.ts:586:3 › T040 Settings popup stays operable inside the 1280px viewport (687ms)
  ✓  141 [chromium] › e2e/editor-stage.test.ts:141:7 › T070 768px Minimal Light keeps popup ownership and geometry safe (946ms)
  ✓  144 [chromium] › e2e/window-shell.test.ts:651:5 › T041 Close control restores the connected 375px Settings opener (713ms)
  ✓  145 [chromium] › e2e/editor-stage.test.ts:141:7 › T070 768px Minimal Dark keeps popup ownership and geometry safe (1.1s)
  ✓  146 [chromium] › e2e/window-shell.test.ts:651:5 › T041 Escape restores the connected 375px Settings opener (634ms)
  ✓  148 [chromium] › e2e/window-shell.test.ts:651:5 › T041 Close control restores the connected 1280px Settings opener (568ms)
  ✓  147 [chromium] › e2e/editor-stage.test.ts:141:7 › T070 375px Liquid Glass Auto (system) keeps popup ownership and geometry safe (1.1s)
  ✓  149 [chromium] › e2e/window-shell.test.ts:651:5 › T041 Escape restores the connected 1280px Settings opener (560ms)
  ✓  143 [parity] › e2e/targeted-parity.test.ts:1058:3 › T058 state-pairs the closed menubar in material-light (2.9s)
  ✓   85 [chromium] › e2e/real-files-parity.test.ts:1185:1 › T120 covers every additional parity state with an assertion that runs (25.2s)
  ✓  150 [chromium] › e2e/editor-stage.test.ts:141:7 › T070 375px Liquid Glass Light keeps popup ownership and geometry safe (1.3s)
(node:12891) Warning: The 'NO_COLOR' env is ignored due to the 'FORCE_COLOR' env being set.
(Use `node --trace-warnings ...` to show where the warning was created)
  ✓  151 [chromium] › e2e/window-shell.test.ts:682:1 › T026 shell actions, focus, reset, sidebar, notification, identity, and absence (1.7s)
  ✓  155 [chromium] › e2e/window-shell.test.ts:747:1 › T029 keeps a long localized shell label and its two-layer keyboard focus ring visible (348ms)
  ✓  153 [chromium] › e2e/editor-stage.test.ts:141:7 › T070 375px Liquid Glass Dark keeps popup ownership and geometry safe (1.4s)
  ✓  152 [parity] › e2e/targeted-parity.test.ts:1058:3 › T058 state-pairs the closed menubar in material-dark (2.8s)
  ✓  156 [chromium] › e2e/window-shell.test.ts:809:1 › T026 representative shell journey stays local-only (1.1s)
  ✓  157 [chromium] › e2e/editor-stage.test.ts:141:7 › T070 375px Material Auto (system) keeps popup ownership and geometry safe (1.3s)
  ✓  160 [chromium] › e2e/editor-stage.test.ts:141:7 › T070 375px Material Light keeps popup ownership and geometry safe (1.0s)
  ✓  154 [parity] › e2e/targeted-parity.test.ts:1058:3 › T058 state-pairs the closed menubar in glass-light (3.6s)
  ✓  158 [parity] › e2e/targeted-parity.test.ts:1058:3 › T058 state-pairs the closed menubar in minimal-light (2.6s)
  ✓  161 [chromium] › e2e/editor-stage.test.ts:141:7 › T070 375px Material Dark keeps popup ownership and geometry safe (1.0s)
  ✓  164 [chromium] › e2e/editor-stage.test.ts:141:7 › T070 375px Minimal Auto (system) keeps popup ownership and geometry safe (1.1s)
  ✓  165 [chromium] › e2e/editor-stage.test.ts:141:7 › T070 375px Minimal Light keeps popup ownership and geometry safe (983ms)
  ✓  163 [parity] › e2e/targeted-parity.test.ts:1058:3 › T058 state-pairs the closed menubar in minimal-dark (2.6s)
  ✓  162 [parity] › e2e/targeted-parity.test.ts:1058:3 › T058 state-pairs the closed menubar in glass-dark (3.4s)
  ✓  166 [chromium] › e2e/editor-stage.test.ts:141:7 › T070 375px Minimal Dark keeps popup ownership and geometry safe (1.1s)
  ✓  169 [chromium] › e2e/editor-stage.test.ts:322:7 › T069 1280px Liquid Glass Auto (system) retains the mockup chrome hierarchy (789ms)
  ✓  170 [chromium] › e2e/editor-stage.test.ts:322:7 › T069 1280px Liquid Glass Light retains the mockup chrome hierarchy (756ms)
  ✓  171 [chromium] › e2e/editor-stage.test.ts:322:7 › T069 1280px Liquid Glass Dark retains the mockup chrome hierarchy (703ms)
  ✓  168 [parity] › e2e/targeted-parity.test.ts:1058:3 › T058 state-pairs the closed menubar in material-light (2.7s)
  ✓  172 [chromium] › e2e/editor-stage.test.ts:322:7 › T069 1280px Material Auto (system) retains the mockup chrome hierarchy (705ms)
  ✓  167 [parity] › e2e/targeted-parity.test.ts:1058:3 › T059 state-pairs the File popup in Minimal Light (3.7s)
  ✓  174 [chromium] › e2e/editor-stage.test.ts:322:7 › T069 1280px Material Light retains the mockup chrome hierarchy (778ms)
  ✓  176 [chromium] › e2e/editor-stage.test.ts:322:7 › T069 1280px Material Dark retains the mockup chrome hierarchy (732ms)
  ✓  173 [parity] › e2e/targeted-parity.test.ts:1058:3 › T058 state-pairs the closed menubar in material-dark (2.5s)
  ✓  177 [chromium] › e2e/editor-stage.test.ts:322:7 › T069 1280px Minimal Auto (system) retains the mockup chrome hierarchy (706ms)
  ✓  175 [parity] › e2e/targeted-parity.test.ts:1058:3 › T060 state-pairs the Settings popup in Minimal Light (2.6s)
  ✓  179 [chromium] › e2e/editor-stage.test.ts:322:7 › T069 1280px Minimal Light retains the mockup chrome hierarchy (763ms)
  ✓  181 [chromium] › e2e/editor-stage.test.ts:322:7 › T069 1280px Minimal Dark retains the mockup chrome hierarchy (774ms)
  ✓  182 [chromium] › e2e/editor-stage.test.ts:322:7 › T069 768px Liquid Glass Auto (system) retains the mockup chrome hierarchy (688ms)
  ✓  178 [parity] › e2e/targeted-parity.test.ts:1058:3 › T058 state-pairs the closed menubar in minimal-light (2.5s)
  ✓  183 [chromium] › e2e/editor-stage.test.ts:322:7 › T069 768px Liquid Glass Light retains the mockup chrome hierarchy (721ms)
  ✓  180 [parity] › e2e/targeted-parity.test.ts:1058:3 › T062 state-pairs tabs and toolbar in Minimal Light (2.6s)
  ✓  185 [chromium] › e2e/editor-stage.test.ts:322:7 › T069 768px Liquid Glass Dark retains the mockup chrome hierarchy (794ms)
  ✓  187 [chromium] › e2e/editor-stage.test.ts:322:7 › T069 768px Material Auto (system) retains the mockup chrome hierarchy (719ms)
  ✓  184 [parity] › e2e/targeted-parity.test.ts:1058:3 › T058 state-pairs the closed menubar in minimal-dark (2.5s)
  ✓  188 [chromium] › e2e/editor-stage.test.ts:322:7 › T069 768px Material Light retains the mockup chrome hierarchy (697ms)
  ✓  159 [chromium] › e2e/window-shell.test.ts:832:1 › T026 retains at least 20 measured resize and divider samples (16.5s)
  ✓  186 [parity] › e2e/targeted-parity.test.ts:1058:3 › T077 state-pairs the document toolbar in Minimal Light (2.5s)
(node:13047) Warning: The 'NO_COLOR' env is ignored due to the 'FORCE_COLOR' env being set.
(Use `node --trace-warnings ...` to show where the warning was created)
  ✓  190 [chromium] › e2e/editor-stage.test.ts:322:7 › T069 768px Material Dark retains the mockup chrome hierarchy (756ms)
  ✓  192 [chromium] › e2e/editor-stage.test.ts:322:7 › T069 768px Minimal Auto (system) retains the mockup chrome hierarchy (807ms)
  ✓  194 [chromium] › e2e/editor-stage.test.ts:322:7 › T069 768px Minimal Light retains the mockup chrome hierarchy (797ms)
  ✓  195 [chromium] › e2e/editor-stage.test.ts:322:7 › T069 768px Minimal Dark retains the mockup chrome hierarchy (712ms)
  ✓  191 [parity] › e2e/targeted-parity.test.ts:1058:3 › T061 state-pairs the View popup in Minimal Light (2.7s)
  ✓  189 [parity] › e2e/targeted-parity.test.ts:1058:3 › T059 state-pairs the File popup in Minimal Light (3.8s)
  ✓  196 [chromium] › e2e/editor-stage.test.ts:322:7 › T069 375px Liquid Glass Auto (system) retains the mockup chrome hierarchy (787ms)
  ✓  193 [parity] › e2e/targeted-parity.test.ts:1058:3 › T058 state-pairs the closed menubar in glass-light (3.5s)
  ✓  199 [chromium] › e2e/editor-stage.test.ts:322:7 › T069 375px Liquid Glass Light retains the mockup chrome hierarchy (818ms)
  ✓  201 [chromium] › e2e/editor-stage.test.ts:322:7 › T069 375px Liquid Glass Dark retains the mockup chrome hierarchy (745ms)
  ✓  197 [parity] › e2e/targeted-parity.test.ts:1058:3 › T061 state-pairs the About popup in Minimal Light (2.7s)
  ✓  202 [chromium] › e2e/editor-stage.test.ts:322:7 › T069 375px Material Auto (system) retains the mockup chrome hierarchy (783ms)
  ✓  198 [parity] › e2e/targeted-parity.test.ts:1058:3 › T060 state-pairs the Settings popup in Minimal Light (2.7s)
  ✓  204 [chromium] › e2e/editor-stage.test.ts:322:7 › T069 375px Material Light retains the mockup chrome hierarchy (828ms)
  ✓  206 [chromium] › e2e/editor-stage.test.ts:322:7 › T069 375px Material Dark retains the mockup chrome hierarchy (747ms)
  ✓  200 [parity] › e2e/targeted-parity.test.ts:1058:3 › T058 state-pairs the closed menubar in glass-dark (3.5s)
  ✓  207 [chromium] › e2e/editor-stage.test.ts:322:7 › T069 375px Minimal Auto (system) retains the mockup chrome hierarchy (769ms)
  ✓  203 [parity] › e2e/targeted-parity.test.ts:1058:3 › T064 state-pairs the paused preview in Minimal Light (2.9s)
  ✓  205 [parity] › e2e/targeted-parity.test.ts:1058:3 › T062 state-pairs tabs and toolbar in Minimal Light (2.6s)
  ✓  209 [chromium] › e2e/editor-stage.test.ts:322:7 › T069 375px Minimal Light retains the mockup chrome hierarchy (792ms)
  ✓  212 [chromium] › e2e/editor-stage.test.ts:322:7 › T069 375px Minimal Dark retains the mockup chrome hierarchy (800ms)
  ✓  208 [parity] › e2e/targeted-parity.test.ts:1058:3 › T058 state-pairs the closed menubar in material-light (2.5s)
  ✓  211 [parity] › e2e/targeted-parity.test.ts:1058:3 › T077 state-pairs the document toolbar in Minimal Light (2.6s)
  ✓  213 [chromium] › e2e/editor-stage.test.ts:457:7 › T055 1280px Liquid Glass Auto (system) exercises reachable Editor-stage journeys (1.7s)
  ✓  210 [parity] › e2e/targeted-parity.test.ts:1415:3 › T063 verifies the six backend-authoritative editor-status states at 1280px Liquid Glass Light (4.3s)
  ✓  214 [parity] › e2e/targeted-parity.test.ts:1058:3 › T058 state-pairs the closed menubar in material-dark (2.6s)
  ✓  216 [chromium] › e2e/editor-stage.test.ts:457:7 › T055 1280px Liquid Glass Light exercises reachable Editor-stage journeys (1.9s)
  ✓  215 [parity] › e2e/targeted-parity.test.ts:1058:3 › T061 state-pairs the View popup in Minimal Light (2.7s)
  ✓  219 [chromium] › e2e/editor-stage.test.ts:457:7 › T055 1280px Liquid Glass Dark exercises reachable Editor-stage journeys (1.8s)
  ✓  218 [parity] › e2e/targeted-parity.test.ts:1058:3 › T058 state-pairs the closed menubar in minimal-light (2.7s)
  ✓  220 [parity] › e2e/targeted-parity.test.ts:1058:3 › T061 state-pairs the About popup in Minimal Light (2.7s)
  ✓  217 [parity] › e2e/targeted-parity.test.ts:1415:3 › T063 verifies the six backend-authoritative editor-status states at 1280px Liquid Glass Dark (4.2s)
  ✓  221 [chromium] › e2e/editor-stage.test.ts:457:7 › T055 1280px Material Auto (system) exercises reachable Editor-stage journeys (1.7s)
  ✓  222 [parity] › e2e/targeted-parity.test.ts:1058:3 › T058 state-pairs the closed menubar in minimal-dark (2.6s)
  ✓  225 [chromium] › e2e/editor-stage.test.ts:457:7 › T055 1280px Material Light exercises reachable Editor-stage journeys (1.7s)
  ✓  223 [parity] › e2e/targeted-parity.test.ts:1058:3 › T064 state-pairs the paused preview in Minimal Light (2.9s)
  ✓  224 [parity] › e2e/targeted-parity.test.ts:1415:3 › T063 verifies the six backend-authoritative editor-status states at 1280px Material Light (3.3s)
  ✓  227 [chromium] › e2e/editor-stage.test.ts:457:7 › T055 1280px Material Dark exercises reachable Editor-stage journeys (1.6s)
  ✓  226 [parity] › e2e/targeted-parity.test.ts:1058:3 › T059 state-pairs the File popup in Minimal Light (4.0s)
  ✓  230 [chromium] › e2e/editor-stage.test.ts:457:7 › T055 1280px Minimal Auto (system) exercises reachable Editor-stage journeys (1.7s)
  ✓  232 [chromium] › e2e/editor-stage.test.ts:457:7 › T055 1280px Minimal Light exercises reachable Editor-stage journeys (1.8s)
  ✓  229 [parity] › e2e/targeted-parity.test.ts:1415:3 › T063 verifies the six backend-authoritative editor-status states at 1280px Material Dark (3.7s)
  ✓  228 [parity] › e2e/targeted-parity.test.ts:1415:3 › T063 verifies the six backend-authoritative editor-status states at 1280px Liquid Glass Light (4.5s)
  ✓  231 [parity] › e2e/targeted-parity.test.ts:1058:3 › T060 state-pairs the Settings popup in Minimal Light (2.9s)
  ✓  233 [chromium] › e2e/editor-stage.test.ts:457:7 › T055 1280px Minimal Dark exercises reachable Editor-stage journeys (1.8s)
  ✓  237 [chromium] › e2e/editor-stage.test.ts:457:7 › T055 768px Liquid Glass Auto (system) exercises reachable Editor-stage journeys (1.8s)
  ✓  234 [parity] › e2e/targeted-parity.test.ts:1415:3 › T063 verifies the six backend-authoritative editor-status states at 1280px Minimal Light (3.8s)
  ✓  236 [parity] › e2e/targeted-parity.test.ts:1058:3 › T062 state-pairs tabs and toolbar in Minimal Light (2.8s)
  ✓  235 [parity] › e2e/targeted-parity.test.ts:1415:3 › T063 verifies the six backend-authoritative editor-status states at 1280px Liquid Glass Dark (4.4s)
  ✓  238 [chromium] › e2e/editor-stage.test.ts:457:7 › T055 768px Liquid Glass Light exercises reachable Editor-stage journeys (1.8s)
  ✓  240 [parity] › e2e/targeted-parity.test.ts:1058:3 › T077 state-pairs the document toolbar in Minimal Light (2.7s)
  ✓  242 [chromium] › e2e/editor-stage.test.ts:457:7 › T055 768px Liquid Glass Dark exercises reachable Editor-stage journeys (1.8s)
  ✓  239 [parity] › e2e/targeted-parity.test.ts:1415:3 › T063 verifies the six backend-authoritative editor-status states at 1280px Minimal Dark (3.6s)
  ✓  241 [parity] › e2e/targeted-parity.test.ts:1415:3 › T063 verifies the six backend-authoritative editor-status states at 1280px Material Light (3.5s)
  ✓  244 [chromium] › e2e/editor-stage.test.ts:457:7 › T055 768px Material Auto (system) exercises reachable Editor-stage journeys (1.6s)
  ✓  243 [parity] › e2e/targeted-parity.test.ts:1058:3 › T061 state-pairs the View popup in Minimal Light (2.7s)
  ✓  246 [chromium] › e2e/editor-stage.test.ts:457:7 › T055 768px Material Light exercises reachable Editor-stage journeys (1.6s)
  ✓  245 [parity] › e2e/targeted-parity.test.ts:1415:3 › T063 verifies the six backend-authoritative editor-status states at 1280px Material Dark (3.2s)
  ✓  247 [parity] › e2e/targeted-parity.test.ts:1058:3 › T061 state-pairs the About popup in Minimal Light (2.5s)
  ✓  248 [chromium] › e2e/editor-stage.test.ts:457:7 › T055 768px Material Dark exercises reachable Editor-stage journeys (1.6s)
  ✓  251 [chromium] › e2e/editor-stage.test.ts:457:7 › T055 768px Minimal Auto (system) exercises reachable Editor-stage journeys (1.6s)
  ✓  250 [parity] › e2e/targeted-parity.test.ts:1058:3 › T064 state-pairs the paused preview in Minimal Light (2.8s)
  ✓  249 [parity] › e2e/targeted-parity.test.ts:1415:3 › T063 verifies the six backend-authoritative editor-status states at 1280px Minimal Light (3.2s)
  ✓  252 [chromium] › e2e/editor-stage.test.ts:457:7 › T055 768px Minimal Light exercises reachable Editor-stage journeys (1.7s)
  ✓  255 [chromium] › e2e/editor-stage.test.ts:457:7 › T055 768px Minimal Dark exercises reachable Editor-stage journeys (1.7s)
  ✓  254 [parity] › e2e/targeted-parity.test.ts:1415:3 › T063 verifies the six backend-authoritative editor-status states at 1280px Minimal Dark (3.4s)
  ✓  253 [parity] › e2e/targeted-parity.test.ts:1415:3 › T063 verifies the six backend-authoritative editor-status states at 1280px Liquid Glass Light (4.2s)
  ✓  256 [chromium] › e2e/editor-stage.test.ts:457:7 › T055 375px Liquid Glass Auto (system) exercises reachable Editor-stage journeys (1.9s)
  ✓  258 [chromium] › e2e/editor-stage.test.ts:457:7 › T055 375px Liquid Glass Light exercises reachable Editor-stage journeys (1.8s)
  ✓  259 [chromium] › e2e/editor-stage.test.ts:457:7 › T055 375px Liquid Glass Dark exercises reachable Editor-stage journeys (1.9s)
  ✓  257 [parity] › e2e/targeted-parity.test.ts:1415:3 › T063 verifies the six backend-authoritative editor-status states at 1280px Liquid Glass Dark (3.9s)
  ✓  260 [chromium] › e2e/editor-stage.test.ts:457:7 › T055 375px Material Auto (system) exercises reachable Editor-stage journeys (1.8s)
  ✓  261 [parity] › e2e/targeted-parity.test.ts:1415:3 › T063 verifies the six backend-authoritative editor-status states at 1280px Material Light (3.1s)
  ✓  262 [chromium] › e2e/editor-stage.test.ts:457:7 › T055 375px Material Light exercises reachable Editor-stage journeys (1.8s)
  ✓  264 [chromium] › e2e/editor-stage.test.ts:457:7 › T055 375px Material Dark exercises reachable Editor-stage journeys (1.8s)
  ✓  263 [parity] › e2e/targeted-parity.test.ts:1415:3 › T063 verifies the six backend-authoritative editor-status states at 1280px Material Dark (3.1s)
  ✓  265 [chromium] › e2e/editor-stage.test.ts:457:7 › T055 375px Minimal Auto (system) exercises reachable Editor-stage journeys (1.8s)
  ✓  267 [chromium] › e2e/editor-stage.test.ts:457:7 › T055 375px Minimal Light exercises reachable Editor-stage journeys (1.8s)
  ✓  266 [parity] › e2e/targeted-parity.test.ts:1415:3 › T063 verifies the six backend-authoritative editor-status states at 1280px Minimal Light (3.0s)
  ✓  268 [chromium] › e2e/editor-stage.test.ts:457:7 › T055 375px Minimal Dark exercises reachable Editor-stage journeys (1.8s)
  ✓  269 [parity] › e2e/targeted-parity.test.ts:1415:3 › T063 verifies the six backend-authoritative editor-status states at 1280px Minimal Dark (3.0s)
  ✓   24 [chromium] › e2e/offline-and-controls.test.ts:73:1 › FR-FT-048 makes no outbound request across five continuous minutes of a live application (5.1m)
  ✓  270 [chromium] › e2e/offline-and-controls.test.ts:194:1 › FR-FT-049 keeps every deferred surface unavailable rather than absent or working (431ms)
  ✓  271 [chromium] › e2e/offline-and-controls.test.ts:299:1 › T189 renders no custom native frame and no deferred rich-rendering surface (1.3s)
[parity states] 40/40 additional states covered by a named assertion
[parity accounting] 147/147 planned verifications attempted, 147 passed, 0 failed, 0 unaccounted → /Users/ok/Development/GitHub/go_mark_edit/specs/003-real-files-and-tabs/evidence/ft-vs-08/parity/accounting-report.json

  Slow test file: [chromium] › e2e/offline-and-controls.test.ts (5.1m)
  Consider running tests from slow files in parallel. See: https://playwright.dev/docs/test-parallel
  271 passed (5.2m)
