2026-08-08T23:02:37+02:00
/var/folders/r9/r0j788zn3x1g25mmm_xs4wgw0000gn/T/gomarkedit-t021.XXXXXX.vOqDfsxhVl/conflict.md 38 bytes 0644 1786222957
d5b98bb5ab3fe630df02ae7854e29a07b6d2383837d1463b1bc10db7a556f5ad  /var/folders/r9/r0j788zn3x1g25mmm_xs4wgw0000gn/T/gomarkedit-t021.XXXXXX.vOqDfsxhVl/conflict.md
           54  30  32  31  20  65  78  74  65  72  6e  61  6c  20  72  65
           70  6c  61  63  65  6d  65  6e  74  0a  73  65  63  6f  6e  64
           20  6c  69  6e  65  0a

2026-08-08T23:05:50+02:00
/var/folders/r9/r0j788zn3x1g25mmm_xs4wgw0000gn/T/gomarkedit-t021.XXXXXX.vOqDfsxhVl/conflict.md 32 bytes 0644 1786223150
470cc3a7ba8845e53dddf0a1d720c2f0bd903d069e4c91f639f603c56ae68d67  /var/folders/r9/r0j788zn3x1g25mmm_xs4wgw0000gn/T/gomarkedit-t021.XXXXXX.vOqDfsxhVl/conflict.md
2026-08-08T23:12:41+02:00
/var/folders/r9/r0j788zn3x1g25mmm_xs4wgw0000gn/T/gomarkedit-t021.XXXXXX.vOqDfsxhVl/conflict.md 32 bytes 0644 1786223561
4733ad9ef9797de7627b5cc8710084f71497d4a6cdf027a40fa442cad2e4218e  /var/folders/r9/r0j788zn3x1g25mmm_xs4wgw0000gn/T/gomarkedit-t021.XXXXXX.vOqDfsxhVl/conflict.md
           54  30  32  31  20  65  78  74  65  72  6e  61  6c  20  66  69
           78  65  64  0a  73  65  63  6f  6e  64  20  6c  69  6e  65  0a

disk bytes/hash:
      32 /var/folders/r9/r0j788zn3x1g25mmm_xs4wgw0000gn/T/gomarkedit-t021.XXXXXX.vOqDfsxhVl/conflict.md
4733ad9ef9797de7627b5cc8710084f71497d4a6cdf027a40fa442cad2e4218e  /var/folders/r9/r0j788zn3x1g25mmm_xs4wgw0000gn/T/gomarkedit-t021.XXXXXX.vOqDfsxhVl/conflict.md
           54  30  32  31  20  65  78  74  65  72  6e  61  6c  20  66  69
           78  65  64  0a  73  65  63  6f  6e  64  20  6c  69  6e  65  0a

2026-08-08T23:17:10+02:00
/var/folders/r9/r0j788zn3x1g25mmm_xs4wgw0000gn/T/gomarkedit-t021.XXXXXX.vOqDfsxhVl/conflict.md 33 bytes 0644 1786223830
459b4973153f78782e8a18ec2020e2d62e5902ab3a02571c0f8edf89052594fb  /var/folders/r9/r0j788zn3x1g25mmm_xs4wgw0000gn/T/gomarkedit-t021.XXXXXX.vOqDfsxhVl/conflict.md
