Host: macOS 26.5.2 arm64; binary commit 3797295f91b5451c55ee65be637d6596bc418803; real packaged Wails app; native Open panel; shell external writer.
Fixture: /var/folders/r9/r0j788zn3x1g25mmm_xs4wgw0000gn/T/gomarkedit-t021.XXXXXX.vOqDfsxhVl/conflict.md

2026-08-08T23:32:56+02:00 Save after the local edit and external replacement:
Window: "GoMarkEdit", App: GoMarkEdit.
container File changed on disk
heading File changed on disk
text conflict.md changed outside GoMarkEdit.
container First changed hunk
heading On disk · 2 lines · 41 bytes
text T021 external preview reload
second line
heading Yours · 2 lines · 37 bytes
text T021 mine preview reload
second line
button Reload from disk
button Keep mine
button Skip
The focused UI element is button Skip

2026-08-08T23:33:03+02:00 Reload decision:
button Reload from disk activated through the focused native-accessible prompt control.
Prompt removed.
tab selected conflict.md
text Editor · conflict.md UTF-8 · LF
text Preview · live GFM
text T021 external preview reload second line
text Ln 3, Col 1 6 words UTF-8 LF Saved Split

2026-08-08T23:33:xx editor inspection after focusing the editor:
editor (settable, string) Editor content, Value: T021 external preview reload
second line
text T021 external preview reload
second line
The disk sha256 after Reload remained bb21eb0eeb23b8433d89d34b22b906db23c1cd53db723b8a3aa1040655e8c977.
