npm --prefix frontend run build

> frontend@0.0.0 prebuild
> npm run check:editor-themes


> frontend@0.0.0 check:editor-themes
> node scripts/check-editor-themes.mjs


> frontend@0.0.0 build
> tsc --noEmit && vite build

vite v7.3.6 building client environment for production...
transforming...
✓ 1019 modules transformed.
rendering chunks...
[plugin vite:reporter] 
(!) /Users/ok/Development/GitHub/go_mark_edit/frontend/src/logic/adapter/index.ts is dynamically imported by /Users/ok/Development/GitHub/go_mark_edit/frontend/src/App.tsx but also statically imported by /Users/ok/Development/GitHub/go_mark_edit/frontend/src/logic/hooks/useLivePreview.ts, /Users/ok/Development/GitHub/go_mark_edit/frontend/src/logic/hooks/useSyncedBuffer.ts, /Users/ok/Development/GitHub/go_mark_edit/frontend/src/logic/store/docViewCommands.ts, /Users/ok/Development/GitHub/go_mark_edit/frontend/src/ui/widgets/AppearanceControls.tsx, /Users/ok/Development/GitHub/go_mark_edit/frontend/src/ui/widgets/EditorView.tsx, dynamic import will not move module into another chunk.

computing gzip size...
dist/index.html                              0.44 kB │ gzip:   0.28 kB
dist/assets/Roboto-Latin-DSCY9ty2.woff2     37.52 kB
dist/assets/Inter-Latin-8kRkwJBP.woff2      48.43 kB
dist/assets/editor.worker-CdtUXE0K.js      231.31 kB
dist/assets/index-qiyGhyKH.css              18.74 kB │ gzip:   4.74 kB
dist/assets/monacoSetup-DyX1CsEw.css        68.26 kB │ gzip:  11.14 kB
dist/assets/markdown-B811l8j2.js             3.65 kB │ gzip:   1.35 kB
dist/assets/index-DEjvCQoL.js               14.57 kB │ gzip:   5.06 kB
dist/assets/index-BU7mR1DI.js              510.12 kB │ gzip: 161.56 kB
dist/assets/monacoSetup-DbvBiin7.js      2,294.35 kB │ gzip: 592.22 kB

(!) Some chunks are larger than 500 kB after minification. Consider:
- Using dynamic import() to code-split the application
- Use build.rollupOptions.output.manualChunks to improve chunking: https://rollupjs.org/configuration-options/#output-manualchunks
- Adjust chunk size limit for this warning via build.chunkSizeWarningLimit.
✓ built in 3.26s

> frontend@0.0.0 postbuild
> node scripts/ensure-dist-placeholder.mjs

