npm --prefix frontend run build

> frontend@0.0.0 prebuild
> npm run check:editor-themes


> frontend@0.0.0 check:editor-themes
> node scripts/check-editor-themes.mjs


> frontend@0.0.0 build
> tsc --noEmit && vite build

vite v7.3.6 building client environment for production...
transforming...
✓ 1030 modules transformed.
rendering chunks...
[plugin vite:reporter] 
(!) /Users/ok/Development/GitHub/go_mark_edit/frontend/src/logic/adapter/index.ts is dynamically imported by /Users/ok/Development/GitHub/go_mark_edit/frontend/src/App.tsx, /Users/ok/Development/GitHub/go_mark_edit/frontend/src/App.tsx but also statically imported by /Users/ok/Development/GitHub/go_mark_edit/frontend/src/logic/hooks/useLivePreview.ts, /Users/ok/Development/GitHub/go_mark_edit/frontend/src/logic/hooks/useSyncedBuffer.ts, /Users/ok/Development/GitHub/go_mark_edit/frontend/src/logic/store/docViewCommands.ts, /Users/ok/Development/GitHub/go_mark_edit/frontend/src/logic/store/uiLayoutCommands.ts, /Users/ok/Development/GitHub/go_mark_edit/frontend/src/ui/widgets/AppearanceControls.tsx, /Users/ok/Development/GitHub/go_mark_edit/frontend/src/ui/widgets/EditorView.tsx, /Users/ok/Development/GitHub/go_mark_edit/frontend/src/ui/widgets/ShellMenuRow.tsx, dynamic import will not move module into another chunk.

computing gzip size...
dist/index.html                              0.45 kB │ gzip:   0.28 kB
dist/assets/Roboto-Latin-DSCY9ty2.woff2     37.52 kB
dist/assets/Inter-Latin-8kRkwJBP.woff2      48.43 kB
dist/assets/editor.worker-CdtUXE0K.js      231.31 kB
dist/assets/index-wqOw22T-.css              23.66 kB │ gzip:   5.52 kB
dist/assets/monacoSetup-DyX1CsEw.css        68.26 kB │ gzip:  11.15 kB
dist/assets/markdown-B811l8j2.js             3.65 kB │ gzip:   1.34 kB
dist/assets/index-_et11lsg.js               14.57 kB │ gzip:   5.07 kB
dist/assets/index-BwFg3M_h.js              529.06 kB │ gzip: 166.79 kB
dist/assets/monacoSetup-D8GAHkVC.js      2,294.41 kB │ gzip: 590.84 kB

(!) Some chunks are larger than 500 kB after minification. Consider:
- Using dynamic import() to code-split the application
- Use build.rollupOptions.output.manualChunks to improve chunking: https://rollupjs.org/configuration-options/#output-manualchunks
- Adjust chunk size limit for this warning via build.chunkSizeWarningLimit.
✓ built in 3.63s

> frontend@0.0.0 postbuild
> node scripts/ensure-dist-placeholder.mjs && node scripts/check-production-network.mjs --source-root src --source-root public --source-root wailsjs/go --bundle-root dist --require-bundle

production network guard: ok
