npm --prefix frontend run build

> frontend@0.0.0 build
> tsc --noEmit && vite build

vite v7.3.6 building client environment for production...
transforming...
✓ 1016 modules transformed.
rendering chunks...
[plugin vite:reporter] 
(!) /Users/ok/Development/GitHub/go_mark_edit/frontend/src/logic/adapter/index.ts is dynamically imported by /Users/ok/Development/GitHub/go_mark_edit/frontend/src/App.tsx but also statically imported by /Users/ok/Development/GitHub/go_mark_edit/frontend/src/logic/hooks/useLivePreview.ts, /Users/ok/Development/GitHub/go_mark_edit/frontend/src/logic/hooks/useSyncedBuffer.ts, /Users/ok/Development/GitHub/go_mark_edit/frontend/src/logic/store/docViewCommands.ts, /Users/ok/Development/GitHub/go_mark_edit/frontend/src/ui/widgets/AppearanceControls.tsx, /Users/ok/Development/GitHub/go_mark_edit/frontend/src/ui/widgets/EditorView.tsx, dynamic import will not move module into another chunk.

computing gzip size...
dist/index.html                              0.40 kB │ gzip:   0.26 kB
dist/assets/Roboto-Latin-DSCY9ty2.woff2     37.52 kB
dist/assets/Inter-Latin-8kRkwJBP.woff2      48.43 kB
dist/assets/editor.worker-CdtUXE0K.js      231.31 kB
dist/assets/index-CLNjbcTp.css              13.59 kB │ gzip:   3.47 kB
dist/assets/monacoSetup-DyX1CsEw.css        68.26 kB │ gzip:  11.14 kB
dist/assets/markdown-B811l8j2.js             3.65 kB │ gzip:   1.35 kB
dist/assets/index-n81GKNh5.js               14.57 kB │ gzip:   5.06 kB
dist/assets/index-C8vZhF5t.js              509.15 kB │ gzip: 161.22 kB
dist/assets/monacoSetup-BCAkLAPD.js      2,281.61 kB │ gzip: 590.70 kB

(!) Some chunks are larger than 500 kB after minification. Consider:
- Using dynamic import() to code-split the application
- Use build.rollupOptions.output.manualChunks to improve chunking: https://rollupjs.org/configuration-options/#output-manualchunks
- Adjust chunk size limit for this warning via build.chunkSizeWarningLimit.
✓ built in 3.38s

> frontend@0.0.0 postbuild
> node scripts/ensure-dist-placeholder.mjs

