
Running 148 tests using 4 workers

(node:76270) Warning: The 'NO_COLOR' env is ignored due to the 'FORCE_COLOR' env being set.
(Use `node --trace-warnings ...` to show where the warning was created)
(node:76267) Warning: The 'NO_COLOR' env is ignored due to the 'FORCE_COLOR' env being set.
(Use `node --trace-warnings ...` to show where the warning was created)
(node:76271) Warning: The 'NO_COLOR' env is ignored due to the 'FORCE_COLOR' env being set.
(Use `node --trace-warnings ...` to show where the warning was created)
(node:76269) Warning: The 'NO_COLOR' env is ignored due to the 'FORCE_COLOR' env being set.
(Use `node --trace-warnings ...` to show where the warning was created)
       1 …lettes through keyboard reachable appearance controls without overflow
       2 …r.test.ts:198:1 › STORY-018-AC-1 verifies responsive editor dimensions
       3 …19 1280px Liquid Glass Follows system keeps the Editor stage reachable
       4 …] › e2e/window-shell.test.ts:340:5 › T026 shell matrix 375 glass light
  ✓    3 …x Liquid Glass Follows system keeps the Editor stage reachable (928ms)       5 …10:7 › T019 1280px Liquid Glass Light keeps the Editor stage reachable
  ✓    4 …/window-shell.test.ts:340:5 › T026 shell matrix 375 glass light (1.5s)       6 …m] › e2e/window-shell.test.ts:340:5 › T026 shell matrix 375 glass dark
  ✓    5 …019 1280px Liquid Glass Light keeps the Editor stage reachable (698ms)       7 …:10:7 › T019 1280px Liquid Glass Dark keeps the Editor stage reachable
  ✓    2 …ts:198:1 › STORY-018-AC-1 verifies responsive editor dimensions (1.7s)       8 …30:1 › STORY-022-AC-5 round trips an edit through Preview responsively
  ✓    7 …T019 1280px Liquid Glass Dark keeps the Editor stage reachable (704ms)       9 …› T019 1280px Material Follows system keeps the Editor stage reachable
  ✓    6 …e/window-shell.test.ts:340:5 › T026 shell matrix 375 glass dark (1.1s)      10 … e2e/window-shell.test.ts:340:5 › T026 shell matrix 375 material light
  ✓    9 …280px Material Follows system keeps the Editor stage reachable (545ms)      11 ….ts:10:7 › T019 1280px Material Light keeps the Editor stage reachable
  ✓    1 …through keyboard reachable appearance controls without overflow (3.4s)      12 …liation and keeps the controls visibly focused with bundled typography
  ✓   11 … › T019 1280px Material Light keeps the Editor stage reachable (608ms)      13 …t.ts:10:7 › T019 1280px Material Dark keeps the Editor stage reachable
  ✓   12 …and keeps the controls visibly focused with bundled typography (280ms)      14 …s the acknowledged palette when the bridge rejects an appearance write
  ✓   10 …ndow-shell.test.ts:340:5 › T026 shell matrix 375 material light (1.1s)      15 …› e2e/window-shell.test.ts:340:5 › T026 shell matrix 375 material dark
  ✓   13 …7 › T019 1280px Material Dark keeps the Editor stage reachable (634ms)      16 … › T019 1280px Minimal Follows system keeps the Editor stage reachable
  ✓   14 …knowledged palette when the bridge rejects an appearance write (559ms)  ✓   16 …1280px Minimal Follows system keeps the Editor stage reachable (566ms)      17 …t.ts:10:7 › T019 1280px Minimal Light keeps the Editor stage reachable
  ✓   15 …indow-shell.test.ts:340:5 › T026 shell matrix 375 material dark (1.0s)      18 …› e2e/window-shell.test.ts:340:5 › T026 shell matrix 375 minimal light
  ✓    8 …STORY-022-AC-5 round trips an edit through Preview responsively (3.6s)      19 … a focused Monaco source, caret, and selection across a metadata patch
  ✓   17 …7 › T019 1280px Minimal Light keeps the Editor stage reachable (582ms)      20 …st.ts:10:7 › T019 1280px Minimal Dark keeps the Editor stage reachable
  ✓   18 …indow-shell.test.ts:340:5 › T026 shell matrix 375 minimal light (1.0s)      21 … › e2e/window-shell.test.ts:340:5 › T026 shell matrix 375 minimal dark
  ✓   20 …:7 › T019 1280px Minimal Dark keeps the Editor stage reachable (583ms)      22 …019 768px Liquid Glass Follows system keeps the Editor stage reachable
  ✓   19 …sed Monaco source, caret, and selection across a metadata patch (1.0s)      23 …r.test.ts:421:1 › STORY-018-AC-2 verifies the live editor preview flow
  ✓   22 …x Liquid Glass Follows system keeps the Editor stage reachable (548ms)      24 …:10:7 › T019 768px Liquid Glass Light keeps the Editor stage reachable
  ✓   21 …indow-shell.test.ts:340:5 › T026 shell matrix 375 minimal dark (974ms)      25 …] › e2e/window-shell.test.ts:340:5 › T026 shell matrix 768 glass light
  ✓   24 …T019 768px Liquid Glass Light keeps the Editor stage reachable (578ms)      26 …s:10:7 › T019 768px Liquid Glass Dark keeps the Editor stage reachable
  ✓   25 …window-shell.test.ts:340:5 › T026 shell matrix 768 glass light (879ms)      27 …m] › e2e/window-shell.test.ts:340:5 › T026 shell matrix 768 glass dark
  ✓   26 … T019 768px Liquid Glass Dark keeps the Editor stage reachable (574ms)      28 … › T019 768px Material Follows system keeps the Editor stage reachable
  ✓   23 …ts:421:1 › STORY-018-AC-2 verifies the live editor preview flow (1.4s)      29 …st.ts:522:1 › STORY-018-AC-3 matches the approved split-view reference
  ✓   28 …768px Material Follows system keeps the Editor stage reachable (582ms)      30 …t.ts:10:7 › T019 768px Material Light keeps the Editor stage reachable
  ✓   27 …/window-shell.test.ts:340:5 › T026 shell matrix 768 glass dark (954ms)      31 … e2e/window-shell.test.ts:340:5 › T026 shell matrix 768 material light
  ✓   30 …7 › T019 768px Material Light keeps the Editor stage reachable (547ms)      32 …st.ts:10:7 › T019 768px Material Dark keeps the Editor stage reachable
  ✓   29 …22:1 › STORY-018-AC-3 matches the approved split-view reference (1.1s)      33 …-032-AC-3 presents deterministic 1280x720 candidate for owner approval
  ✓   33 …3 presents deterministic 1280x720 candidate for owner approval (296ms)      34 …ts:627:1 › STORY-018-AC-4 verifies view-mode and View-menu interaction
  ✓   32 …:7 › T019 768px Material Dark keeps the Editor stage reachable (586ms)      35 …7 › T019 768px Minimal Follows system keeps the Editor stage reachable
  ✓   31 …dow-shell.test.ts:340:5 › T026 shell matrix 768 material light (849ms)      36 …› e2e/window-shell.test.ts:340:5 › T026 shell matrix 768 material dark
  ✓   34 … › STORY-018-AC-4 verifies view-mode and View-menu interaction (690ms)  ✓   35 … 768px Minimal Follows system keeps the Editor stage reachable (586ms)      37 …st.ts:10:7 › T019 768px Minimal Light keeps the Editor stage reachable
  ✓   36 …ndow-shell.test.ts:340:5 › T026 shell matrix 768 material dark (859ms)      38 …› e2e/window-shell.test.ts:340:5 › T026 shell matrix 768 minimal light
  ✓   37 …:7 › T019 768px Minimal Light keeps the Editor stage reachable (527ms)      39 …est.ts:10:7 › T019 768px Minimal Dark keeps the Editor stage reachable
  ✓   39 …0:7 › T019 768px Minimal Dark keeps the Editor stage reachable (555ms)      40 …019 375px Liquid Glass Follows system keeps the Editor stage reachable
  ✓   38 …ndow-shell.test.ts:340:5 › T026 shell matrix 768 minimal light (793ms)      41 … › e2e/window-shell.test.ts:340:5 › T026 shell matrix 768 minimal dark
  ✓   40 …x Liquid Glass Follows system keeps the Editor stage reachable (614ms)      42 …:10:7 › T019 375px Liquid Glass Light keeps the Editor stage reachable
  ✓   41 …indow-shell.test.ts:340:5 › T026 shell matrix 768 minimal dark (825ms)      43 … › e2e/window-shell.test.ts:340:5 › T026 shell matrix 1280 glass light
  ✓   42 …T019 375px Liquid Glass Light keeps the Editor stage reachable (609ms)      44 …s:10:7 › T019 375px Liquid Glass Dark keeps the Editor stage reachable
  ✓   43 …indow-shell.test.ts:340:5 › T026 shell matrix 1280 glass light (869ms)      45 …] › e2e/window-shell.test.ts:340:5 › T026 shell matrix 1280 glass dark
  ✓   44 … T019 375px Liquid Glass Dark keeps the Editor stage reachable (627ms)      46 … › T019 375px Material Follows system keeps the Editor stage reachable
  ✓   46 …375px Material Follows system keeps the Editor stage reachable (609ms)      47 …t.ts:10:7 › T019 375px Material Light keeps the Editor stage reachable
  ✓   45 …window-shell.test.ts:340:5 › T026 shell matrix 1280 glass dark (851ms)      48 …e2e/window-shell.test.ts:340:5 › T026 shell matrix 1280 material light
  ✓   47 …7 › T019 375px Material Light keeps the Editor stage reachable (596ms)      49 …st.ts:10:7 › T019 375px Material Dark keeps the Editor stage reachable
  ✓   48 …ow-shell.test.ts:340:5 › T026 shell matrix 1280 material light (773ms)      50 … e2e/window-shell.test.ts:340:5 › T026 shell matrix 1280 material dark
  ✓   49 …:7 › T019 375px Material Dark keeps the Editor stage reachable (596ms)      51 …7 › T019 375px Minimal Follows system keeps the Editor stage reachable
  ✓   50 …dow-shell.test.ts:340:5 › T026 shell matrix 1280 material dark (770ms)      52 … e2e/window-shell.test.ts:340:5 › T026 shell matrix 1280 minimal light
  ✓   51 … 375px Minimal Follows system keeps the Editor stage reachable (619ms)      53 …st.ts:10:7 › T019 375px Minimal Light keeps the Editor stage reachable
  ✓   53 …:7 › T019 375px Minimal Light keeps the Editor stage reachable (598ms)      54 …est.ts:10:7 › T019 375px Minimal Dark keeps the Editor stage reachable
  ✓   52 …dow-shell.test.ts:340:5 › T026 shell matrix 1280 minimal light (768ms)      55 …› e2e/window-shell.test.ts:340:5 › T026 shell matrix 1280 minimal dark
  ✓   54 …0:7 › T019 375px Minimal Dark keeps the Editor stage reachable (598ms)      56 …px Liquid Glass Follows system keeps popup ownership and geometry safe
  ✓   55 …ndow-shell.test.ts:340:5 › T026 shell matrix 1280 minimal dark (777ms)      57 …:1 › T039 native minimum frame rounding keeps the workspace off-canvas
  ✓   57 …9 native minimum frame rounding keeps the workspace off-canvas (238ms)      58 …s:470:3 › T040 Settings popup stays operable inside the 375px viewport
  ✓   56 …d Glass Follows system keeps popup ownership and geometry safe (812ms)      59 …T070 1280px Liquid Glass Light keeps popup ownership and geometry safe
  ✓   58 …› T040 Settings popup stays operable inside the 375px viewport (533ms)      60 …s:470:3 › T040 Settings popup stays operable inside the 768px viewport
  ✓   60 …› T040 Settings popup stays operable inside the 768px viewport (511ms)      61 …:470:3 › T040 Settings popup stays operable inside the 1280px viewport
  ✓   59 …0px Liquid Glass Light keeps popup ownership and geometry safe (830ms)      62 … T070 1280px Liquid Glass Dark keeps popup ownership and geometry safe
  ✓   61 … T040 Settings popup stays operable inside the 1280px viewport (484ms)      63 …14:5 › T041 Close control restores the connected 375px Settings opener
  ✓   62 …80px Liquid Glass Dark keeps popup ownership and geometry safe (845ms)      64 …1280px Material Follows system keeps popup ownership and geometry safe
  ✓   63 …041 Close control restores the connected 375px Settings opener (514ms)      65 …st.ts:514:5 › T041 Escape restores the connected 375px Settings opener
  ✓   65 …4:5 › T041 Escape restores the connected 375px Settings opener (502ms)      66 …4:5 › T041 Close control restores the connected 1280px Settings opener
  ✓   64 …aterial Follows system keeps popup ownership and geometry safe (742ms)      67 …7 › T070 1280px Material Light keeps popup ownership and geometry safe
  ✓   66 …41 Close control restores the connected 1280px Settings opener (488ms)      68 …t.ts:514:5 › T041 Escape restores the connected 1280px Settings opener
  ✓   67 … 1280px Material Light keeps popup ownership and geometry safe (746ms)      69 …:7 › T070 1280px Material Dark keeps popup ownership and geometry safe
  ✓   68 …:5 › T041 Escape restores the connected 1280px Settings opener (467ms)      70 …ll actions, focus, reset, sidebar, notification, identity, and absence
  ✓   69 …0 1280px Material Dark keeps popup ownership and geometry safe (779ms)      71 … 1280px Minimal Follows system keeps popup ownership and geometry safe
  ✓   70 …ons, focus, reset, sidebar, notification, identity, and absence (1.3s)      72 …ng localized shell label and its two-layer keyboard focus ring visible
  ✓   71 …Minimal Follows system keeps popup ownership and geometry safe (756ms)      73 …:7 › T070 1280px Minimal Light keeps popup ownership and geometry safe
  ✓   72 …ized shell label and its two-layer keyboard focus ring visible (263ms)      74 …ell.test.ts:662:1 › T026 representative shell journey stays local-only
  ✓   73 …0 1280px Minimal Light keeps popup ownership and geometry safe (750ms)      75 …0:7 › T070 1280px Minimal Dark keeps popup ownership and geometry safe
  ✓   74 ….ts:662:1 › T026 representative shell journey stays local-only (938ms)      76 …s:685:1 › T026 retains at least 20 measured resize and divider samples
  ✓   75 …70 1280px Minimal Dark keeps popup ownership and geometry safe (712ms)      77 …px Liquid Glass Follows system keeps popup ownership and geometry safe
  ✓   77 …d Glass Follows system keeps popup ownership and geometry safe (718ms)      78 … T070 768px Liquid Glass Light keeps popup ownership and geometry safe
  ✓   78 …8px Liquid Glass Light keeps popup ownership and geometry safe (712ms)      79 …› T070 768px Liquid Glass Dark keeps popup ownership and geometry safe
  ✓   79 …68px Liquid Glass Dark keeps popup ownership and geometry safe (745ms)      80 … 768px Material Follows system keeps popup ownership and geometry safe
  ✓   80 …aterial Follows system keeps popup ownership and geometry safe (694ms)      81 …:7 › T070 768px Material Light keeps popup ownership and geometry safe
  ✓   81 …0 768px Material Light keeps popup ownership and geometry safe (695ms)      82 …0:7 › T070 768px Material Dark keeps popup ownership and geometry safe
  ✓   82 …70 768px Material Dark keeps popup ownership and geometry safe (704ms)      83 …0 768px Minimal Follows system keeps popup ownership and geometry safe
  ✓   83 …Minimal Follows system keeps popup ownership and geometry safe (712ms)      84 …0:7 › T070 768px Minimal Light keeps popup ownership and geometry safe
  ✓   84 …70 768px Minimal Light keeps popup ownership and geometry safe (713ms)      85 …20:7 › T070 768px Minimal Dark keeps popup ownership and geometry safe
  ✓   85 …070 768px Minimal Dark keeps popup ownership and geometry safe (714ms)      86 …px Liquid Glass Follows system keeps popup ownership and geometry safe
  ✓   86 …d Glass Follows system keeps popup ownership and geometry safe (915ms)      87 … T070 375px Liquid Glass Light keeps popup ownership and geometry safe
  ✓   87 …5px Liquid Glass Light keeps popup ownership and geometry safe (885ms)      88 …› T070 375px Liquid Glass Dark keeps popup ownership and geometry safe
  ✓   88 …75px Liquid Glass Dark keeps popup ownership and geometry safe (878ms)      89 … 375px Material Follows system keeps popup ownership and geometry safe
  ✓   89 …aterial Follows system keeps popup ownership and geometry safe (887ms)      90 …:7 › T070 375px Material Light keeps popup ownership and geometry safe
  ✓   90 …0 375px Material Light keeps popup ownership and geometry safe (870ms)      91 …0:7 › T070 375px Material Dark keeps popup ownership and geometry safe
  ✓   91 …70 375px Material Dark keeps popup ownership and geometry safe (895ms)      92 …0 375px Minimal Follows system keeps popup ownership and geometry safe
  ✓   92 …Minimal Follows system keeps popup ownership and geometry safe (895ms)      93 …0:7 › T070 375px Minimal Light keeps popup ownership and geometry safe
  ✓   93 …70 375px Minimal Light keeps popup ownership and geometry safe (886ms)      94 …20:7 › T070 375px Minimal Dark keeps popup ownership and geometry safe
  ✓   94 …070 375px Minimal Dark keeps popup ownership and geometry safe (903ms)      95 …1280px Liquid Glass Follows system retains the mockup chrome hierarchy
  ✓   95 …iquid Glass Follows system retains the mockup chrome hierarchy (433ms)      96 …7 › T069 1280px Liquid Glass Light retains the mockup chrome hierarchy
  ✓   96 … 1280px Liquid Glass Light retains the mockup chrome hierarchy (422ms)      97 …:7 › T069 1280px Liquid Glass Dark retains the mockup chrome hierarchy
  ✓   76 …› T026 retains at least 20 measured resize and divider samples (15.9s)  ✓   97 …9 1280px Liquid Glass Dark retains the mockup chrome hierarchy (436ms)      98 …069 1280px Material Follows system retains the mockup chrome hierarchy
  ✓   98 …px Material Follows system retains the mockup chrome hierarchy (389ms)      99 …262:7 › T069 1280px Material Light retains the mockup chrome hierarchy
  ✓   99 …T069 1280px Material Light retains the mockup chrome hierarchy (388ms)     100 …:262:7 › T069 1280px Material Dark retains the mockup chrome hierarchy
  ✓  100 … T069 1280px Material Dark retains the mockup chrome hierarchy (391ms)     101 …T069 1280px Minimal Follows system retains the mockup chrome hierarchy
  ✓  101 …0px Minimal Follows system retains the mockup chrome hierarchy (409ms)     102 …:262:7 › T069 1280px Minimal Light retains the mockup chrome hierarchy
  ✓  102 … T069 1280px Minimal Light retains the mockup chrome hierarchy (413ms)     103 …s:262:7 › T069 1280px Minimal Dark retains the mockup chrome hierarchy
  ✓  103 …› T069 1280px Minimal Dark retains the mockup chrome hierarchy (405ms)     104 … 768px Liquid Glass Follows system retains the mockup chrome hierarchy
  ✓  104 …iquid Glass Follows system retains the mockup chrome hierarchy (404ms)     105 …:7 › T069 768px Liquid Glass Light retains the mockup chrome hierarchy
  ✓  105 …9 768px Liquid Glass Light retains the mockup chrome hierarchy (412ms)     106 …2:7 › T069 768px Liquid Glass Dark retains the mockup chrome hierarchy
  ✓  106 …69 768px Liquid Glass Dark retains the mockup chrome hierarchy (416ms)     107 …T069 768px Material Follows system retains the mockup chrome hierarchy
  ✓  107 …px Material Follows system retains the mockup chrome hierarchy (387ms)     108 …:262:7 › T069 768px Material Light retains the mockup chrome hierarchy
  ✓  108 … T069 768px Material Light retains the mockup chrome hierarchy (389ms)     109 …s:262:7 › T069 768px Material Dark retains the mockup chrome hierarchy
  ✓  109 …› T069 768px Material Dark retains the mockup chrome hierarchy (398ms)     110 … T069 768px Minimal Follows system retains the mockup chrome hierarchy
  ✓  110 …8px Minimal Follows system retains the mockup chrome hierarchy (410ms)     111 …s:262:7 › T069 768px Minimal Light retains the mockup chrome hierarchy
  ✓  111 …› T069 768px Minimal Light retains the mockup chrome hierarchy (396ms)     112 …ts:262:7 › T069 768px Minimal Dark retains the mockup chrome hierarchy
  ✓  112 … › T069 768px Minimal Dark retains the mockup chrome hierarchy (406ms)     113 … 375px Liquid Glass Follows system retains the mockup chrome hierarchy
  ✓  113 …iquid Glass Follows system retains the mockup chrome hierarchy (437ms)     114 …:7 › T069 375px Liquid Glass Light retains the mockup chrome hierarchy
  ✓  114 …9 375px Liquid Glass Light retains the mockup chrome hierarchy (439ms)     115 …2:7 › T069 375px Liquid Glass Dark retains the mockup chrome hierarchy
  ✓  115 …69 375px Liquid Glass Dark retains the mockup chrome hierarchy (448ms)     116 …T069 375px Material Follows system retains the mockup chrome hierarchy
  ✓  116 …px Material Follows system retains the mockup chrome hierarchy (432ms)     117 …:262:7 › T069 375px Material Light retains the mockup chrome hierarchy
  ✓  117 … T069 375px Material Light retains the mockup chrome hierarchy (432ms)     118 …s:262:7 › T069 375px Material Dark retains the mockup chrome hierarchy
  ✓  118 …› T069 375px Material Dark retains the mockup chrome hierarchy (439ms)     119 … T069 375px Minimal Follows system retains the mockup chrome hierarchy
  ✓  119 …5px Minimal Follows system retains the mockup chrome hierarchy (435ms)     120 …s:262:7 › T069 375px Minimal Light retains the mockup chrome hierarchy
  ✓  120 …› T069 375px Minimal Light retains the mockup chrome hierarchy (435ms)     121 …ts:262:7 › T069 375px Minimal Dark retains the mockup chrome hierarchy
  ✓  121 … › T069 375px Minimal Dark retains the mockup chrome hierarchy (433ms)     122 … Liquid Glass Follows system exercises reachable Editor-stage journeys
  ✓  122 … Glass Follows system exercises reachable Editor-stage journeys (1.4s)     123 …55 1280px Liquid Glass Light exercises reachable Editor-stage journeys
  ✓  123 …px Liquid Glass Light exercises reachable Editor-stage journeys (1.4s)     124 …055 1280px Liquid Glass Dark exercises reachable Editor-stage journeys
  ✓  124 …0px Liquid Glass Dark exercises reachable Editor-stage journeys (1.4s)     125 …80px Material Follows system exercises reachable Editor-stage journeys
  ✓  125 …terial Follows system exercises reachable Editor-stage journeys (1.4s)     126 …› T055 1280px Material Light exercises reachable Editor-stage journeys
  ✓  126 …1280px Material Light exercises reachable Editor-stage journeys (1.4s)     127 … › T055 1280px Material Dark exercises reachable Editor-stage journeys
  ✓  127 … 1280px Material Dark exercises reachable Editor-stage journeys (1.4s)     128 …280px Minimal Follows system exercises reachable Editor-stage journeys
  ✓  128 …inimal Follows system exercises reachable Editor-stage journeys (1.4s)     129 … › T055 1280px Minimal Light exercises reachable Editor-stage journeys
  ✓  129 … 1280px Minimal Light exercises reachable Editor-stage journeys (1.4s)     130 …7 › T055 1280px Minimal Dark exercises reachable Editor-stage journeys
  ✓  130 …5 1280px Minimal Dark exercises reachable Editor-stage journeys (1.4s)     131 … Liquid Glass Follows system exercises reachable Editor-stage journeys
  ✓  131 … Glass Follows system exercises reachable Editor-stage journeys (1.4s)     132 …055 768px Liquid Glass Light exercises reachable Editor-stage journeys
  ✓  132 …px Liquid Glass Light exercises reachable Editor-stage journeys (1.4s)     133 …T055 768px Liquid Glass Dark exercises reachable Editor-stage journeys
  ✓  133 …8px Liquid Glass Dark exercises reachable Editor-stage journeys (1.4s)     134 …68px Material Follows system exercises reachable Editor-stage journeys
  ✓  134 …terial Follows system exercises reachable Editor-stage journeys (1.4s)     135 … › T055 768px Material Light exercises reachable Editor-stage journeys
  ✓  135 … 768px Material Light exercises reachable Editor-stage journeys (1.4s)     136 …7 › T055 768px Material Dark exercises reachable Editor-stage journeys
  ✓  136 …5 768px Material Dark exercises reachable Editor-stage journeys (1.4s)     137 …768px Minimal Follows system exercises reachable Editor-stage journeys
  ✓  137 …inimal Follows system exercises reachable Editor-stage journeys (1.4s)     138 …7 › T055 768px Minimal Light exercises reachable Editor-stage journeys
  ✓  138 …5 768px Minimal Light exercises reachable Editor-stage journeys (1.4s)     139 …:7 › T055 768px Minimal Dark exercises reachable Editor-stage journeys
  ✓  139 …55 768px Minimal Dark exercises reachable Editor-stage journeys (1.4s)     140 … Liquid Glass Follows system exercises reachable Editor-stage journeys
  ✓  140 … Glass Follows system exercises reachable Editor-stage journeys (1.7s)     141 …055 375px Liquid Glass Light exercises reachable Editor-stage journeys
  ✓  141 …px Liquid Glass Light exercises reachable Editor-stage journeys (1.7s)     142 …T055 375px Liquid Glass Dark exercises reachable Editor-stage journeys
  ✓  142 …5px Liquid Glass Dark exercises reachable Editor-stage journeys (1.7s)     143 …75px Material Follows system exercises reachable Editor-stage journeys
  ✓  143 …terial Follows system exercises reachable Editor-stage journeys (1.7s)     144 … › T055 375px Material Light exercises reachable Editor-stage journeys
  ✓  144 … 375px Material Light exercises reachable Editor-stage journeys (1.7s)     145 …7 › T055 375px Material Dark exercises reachable Editor-stage journeys
  ✓  145 …5 375px Material Dark exercises reachable Editor-stage journeys (1.7s)     146 …375px Minimal Follows system exercises reachable Editor-stage journeys
  ✓  146 …inimal Follows system exercises reachable Editor-stage journeys (1.6s)     147 …7 › T055 375px Minimal Light exercises reachable Editor-stage journeys
  ✓  147 …5 375px Minimal Light exercises reachable Editor-stage journeys (1.7s)     148 …:7 › T055 375px Minimal Dark exercises reachable Editor-stage journeys
  ✓  148 …55 375px Minimal Dark exercises reachable Editor-stage journeys (1.7s)
  148 passed (1.5m)
