
> frontend@0.0.0 verify:ui
> playwright test


Running 148 tests using 4 workers

  ✓    2 [chromium] › e2e/editor-stage.test.ts:10:7 › T019 1280px Liquid Glass Follows system keeps the Editor stage reachable (891ms)
  ✘    4 [chromium] › e2e/window-shell.test.ts:318:5 › T026 shell matrix 375 glass light (1.2s)
  ✓    5 [chromium] › e2e/editor-stage.test.ts:10:7 › T019 1280px Liquid Glass Light keeps the Editor stage reachable (525ms)
  ✓    6 [chromium] › e2e/editor-stage.test.ts:10:7 › T019 1280px Liquid Glass Dark keeps the Editor stage reachable (511ms)
  ✓    8 [chromium] › e2e/editor-stage.test.ts:10:7 › T019 1280px Material Follows system keeps the Editor stage reachable (491ms)
  ✘    7 [chromium] › e2e/window-shell.test.ts:318:5 › T026 shell matrix 375 glass dark (746ms)
  ✓    3 [chromium] › e2e/core-editor.test.ts:175:1 › STORY-018-AC-1 verifies responsive editor dimensions (2.9s)
  ✓    9 [chromium] › e2e/editor-stage.test.ts:10:7 › T019 1280px Material Light keeps the Editor stage reachable (436ms)
  ✓   12 [chromium] › e2e/editor-stage.test.ts:10:7 › T019 1280px Material Dark keeps the Editor stage reachable (554ms)
  ✘   10 [chromium] › e2e/window-shell.test.ts:318:5 › T026 shell matrix 375 material light (765ms)
  ✓   13 [chromium] › e2e/editor-stage.test.ts:10:7 › T019 1280px Minimal Follows system keeps the Editor stage reachable (454ms)
  ✓   14 [chromium] › e2e/editor-stage.test.ts:10:7 › T019 1280px Minimal Light keeps the Editor stage reachable (461ms)
  ✘   15 [chromium] › e2e/window-shell.test.ts:318:5 › T026 shell matrix 375 material dark (679ms)
  ✓   16 [chromium] › e2e/editor-stage.test.ts:10:7 › T019 1280px Minimal Dark keeps the Editor stage reachable (481ms)
  ✓   17 [chromium] › e2e/editor-stage.test.ts:10:7 › T019 768px Liquid Glass Follows system keeps the Editor stage reachable (442ms)
  ✓   19 [chromium] › e2e/editor-stage.test.ts:10:7 › T019 768px Liquid Glass Light keeps the Editor stage reachable (451ms)
  ✘   18 [chromium] › e2e/window-shell.test.ts:318:5 › T026 shell matrix 375 minimal light (706ms)
  ✓   20 [chromium] › e2e/editor-stage.test.ts:10:7 › T019 768px Liquid Glass Dark keeps the Editor stage reachable (440ms)
  ✓   21 [chromium] › e2e/editor-stage.test.ts:10:7 › T019 768px Material Follows system keeps the Editor stage reachable (438ms)
  ✓   23 [chromium] › e2e/editor-stage.test.ts:10:7 › T019 768px Material Light keeps the Editor stage reachable (448ms)
  ✘   22 [chromium] › e2e/window-shell.test.ts:318:5 › T026 shell matrix 375 minimal dark (708ms)
  ✓   24 [chromium] › e2e/editor-stage.test.ts:10:7 › T019 768px Material Dark keeps the Editor stage reachable (421ms)
  ✓   26 [chromium] › e2e/editor-stage.test.ts:10:7 › T019 768px Minimal Follows system keeps the Editor stage reachable (453ms)
  ✓   27 [chromium] › e2e/editor-stage.test.ts:10:7 › T019 768px Minimal Light keeps the Editor stage reachable (449ms)
  ✘   25 [chromium] › e2e/window-shell.test.ts:318:5 › T026 shell matrix 768 glass light (1.2s)
  ✓   28 [chromium] › e2e/editor-stage.test.ts:10:7 › T019 768px Minimal Dark keeps the Editor stage reachable (432ms)
  ✘   11 [chromium] › e2e/core-editor.test.ts:207:1 › STORY-022-AC-5 round trips an edit through Preview responsively (6.1s)
  ✓   29 [chromium] › e2e/editor-stage.test.ts:10:7 › T019 375px Liquid Glass Follows system keeps the Editor stage reachable (569ms)
  ✓   32 [chromium] › e2e/editor-stage.test.ts:10:7 › T019 375px Liquid Glass Light keeps the Editor stage reachable (619ms)
  ✘   30 [chromium] › e2e/window-shell.test.ts:318:5 › T026 shell matrix 768 glass dark (1.3s)
  ✓   31 [chromium] › e2e/core-editor.test.ts:258:1 › STORY-022-AC-4 (EC-DOCS-12) keeps a focused Monaco source, caret, and selection across a metadata patch (1.1s)
  ✓   33 [chromium] › e2e/editor-stage.test.ts:10:7 › T019 375px Liquid Glass Dark keeps the Editor stage reachable (572ms)
  ✓   35 [chromium] › e2e/editor-stage.test.ts:10:7 › T019 375px Material Follows system keeps the Editor stage reachable (579ms)
  ✓   37 [chromium] › e2e/editor-stage.test.ts:10:7 › T019 375px Material Light keeps the Editor stage reachable (557ms)
  ✓   34 [chromium] › e2e/core-editor.test.ts:394:1 › STORY-018-AC-2 verifies the live editor preview flow (1.4s)
  ✘   36 [chromium] › e2e/window-shell.test.ts:318:5 › T026 shell matrix 768 material light (1.2s)
  ✓   38 [chromium] › e2e/editor-stage.test.ts:10:7 › T019 375px Material Dark keeps the Editor stage reachable (583ms)
  ✓   40 [chromium] › e2e/editor-stage.test.ts:10:7 › T019 375px Minimal Follows system keeps the Editor stage reachable (558ms)
  ✓   42 [chromium] › e2e/editor-stage.test.ts:10:7 › T019 375px Minimal Light keeps the Editor stage reachable (560ms)
  ✘   41 [chromium] › e2e/window-shell.test.ts:318:5 › T026 shell matrix 768 material dark (1.1s)
  ✓   43 [chromium] › e2e/editor-stage.test.ts:10:7 › T019 375px Minimal Dark keeps the Editor stage reachable (548ms)
  ✘   44 [chromium] › e2e/window-shell.test.ts:318:5 › T026 shell matrix 768 minimal light (1.1s)
  ✘   46 [chromium] › e2e/window-shell.test.ts:318:5 › T026 shell matrix 768 minimal dark (1.0s)
  ✘   39 [chromium] › e2e/core-editor.test.ts:495:1 › STORY-018-AC-3 matches the approved split-view reference (5.1s)
  ✓   48 [chromium] › e2e/core-editor.test.ts:577:1 › STORY-032-AC-3 presents deterministic 1280x720 candidate for owner approval (284ms)
  ✘   47 [chromium] › e2e/window-shell.test.ts:318:5 › T026 shell matrix 1280 glass light (1.3s)
  ✘   45 [chromium] › e2e/editor-stage.test.ts:108:7 › T070 1280px Liquid Glass Follows system keeps popup ownership and geometry safe (5.6s)
  ✘   50 [chromium] › e2e/window-shell.test.ts:318:5 › T026 shell matrix 1280 glass dark (1.3s)
  ✘   52 [chromium] › e2e/window-shell.test.ts:318:5 › T026 shell matrix 1280 material light (1.1s)
  ✘   53 [chromium] › e2e/window-shell.test.ts:318:5 › T026 shell matrix 1280 material dark (1.1s)
  ✘   49 [chromium] › e2e/core-editor.test.ts:596:1 › STORY-018-AC-4 verifies view-mode and View-menu interaction (5.5s)
  ✘   54 [chromium] › e2e/window-shell.test.ts:318:5 › T026 shell matrix 1280 minimal light (1.1s)
  ✘   51 [chromium] › e2e/editor-stage.test.ts:108:7 › T070 1280px Liquid Glass Light keeps popup ownership and geometry safe (5.6s)
  ✘   55 [chromium] › e2e/window-shell.test.ts:318:5 › T026 shell matrix 1280 minimal dark (1.1s)
  ✓   57 [chromium] › e2e/window-shell.test.ts:437:1 › T039 native minimum frame rounding keeps the workspace off-canvas (263ms)
  ✓   58 [chromium] › e2e/window-shell.test.ts:454:3 › T040 Settings popup stays operable inside the 375px viewport (559ms)
  ✓   59 [chromium] › e2e/window-shell.test.ts:454:3 › T040 Settings popup stays operable inside the 768px viewport (495ms)
  ✓   60 [chromium] › e2e/window-shell.test.ts:454:3 › T040 Settings popup stays operable inside the 1280px viewport (473ms)
  ✓   61 [chromium] › e2e/window-shell.test.ts:498:5 › T041 Close control restores the connected 375px Settings opener (537ms)
  ✓   62 [chromium] › e2e/window-shell.test.ts:498:5 › T041 Escape restores the connected 375px Settings opener (523ms)
  ✓   63 [chromium] › e2e/window-shell.test.ts:498:5 › T041 Close control restores the connected 1280px Settings opener (457ms)
  ✘    1 [chromium] › e2e/appearance.test.ts:18:1 › changes all six palettes through keyboard reachable appearance controls without overflow (30.0s)
  ✓   64 [chromium] › e2e/window-shell.test.ts:498:5 › T041 Escape restores the connected 1280px Settings opener (464ms)
  ✓   65 [chromium] › e2e/appearance.test.ts:57:1 › uses the pre-paint mirror before canonical reconciliation and keeps the controls visibly focused with bundled typography (344ms)
  ✘   56 [chromium] › e2e/editor-stage.test.ts:108:7 › T070 1280px Liquid Glass Dark keeps popup ownership and geometry safe (5.6s)
  ✘   67 [chromium] › e2e/appearance.test.ts:143:1 › retains the acknowledged palette when the bridge rejects an appearance write (5.5s)
  ✘   68 [chromium] › e2e/editor-stage.test.ts:108:7 › T070 1280px Material Follows system keeps popup ownership and geometry safe (5.6s)
  ✘   69 [chromium] › e2e/editor-stage.test.ts:108:7 › T070 1280px Material Light keeps popup ownership and geometry safe (5.6s)
  ✘   70 [chromium] › e2e/editor-stage.test.ts:108:7 › T070 1280px Material Dark keeps popup ownership and geometry safe (5.6s)
  ✘   71 [chromium] › e2e/editor-stage.test.ts:108:7 › T070 1280px Minimal Follows system keeps popup ownership and geometry safe (5.6s)
  ✘   66 [chromium] › e2e/window-shell.test.ts:528:1 › T026 shell actions, focus, reset, sidebar, notification, identity, and absence (30.0s)
  ✘   72 [chromium] › e2e/editor-stage.test.ts:108:7 › T070 1280px Minimal Light keeps popup ownership and geometry safe (5.6s)
  ✘   73 [chromium] › e2e/window-shell.test.ts:584:1 › T029 keeps a long localized shell label and its two-layer keyboard focus ring visible (5.3s)
  ✓   75 [chromium] › e2e/window-shell.test.ts:646:1 › T026 representative shell journey stays local-only (946ms)
  ✘   74 [chromium] › e2e/editor-stage.test.ts:108:7 › T070 1280px Minimal Dark keeps popup ownership and geometry safe (5.6s)
  ✘   77 [chromium] › e2e/editor-stage.test.ts:108:7 › T070 768px Liquid Glass Follows system keeps popup ownership and geometry safe (5.6s)
  ✘   78 [chromium] › e2e/editor-stage.test.ts:108:7 › T070 768px Liquid Glass Light keeps popup ownership and geometry safe (5.6s)
  ✓   76 [chromium] › e2e/window-shell.test.ts:669:1 › T026 retains at least 20 measured resize and divider samples (16.5s)
  ✘   79 [chromium] › e2e/editor-stage.test.ts:108:7 › T070 768px Liquid Glass Dark keeps popup ownership and geometry safe (5.6s)
  ✘   80 [chromium] › e2e/editor-stage.test.ts:108:7 › T070 768px Material Follows system keeps popup ownership and geometry safe (5.6s)
  ✘   81 [chromium] › e2e/editor-stage.test.ts:108:7 › T070 768px Material Light keeps popup ownership and geometry safe (5.6s)
  ✘   82 [chromium] › e2e/editor-stage.test.ts:108:7 › T070 768px Material Dark keeps popup ownership and geometry safe (5.6s)
  ✘   83 [chromium] › e2e/editor-stage.test.ts:108:7 › T070 768px Minimal Follows system keeps popup ownership and geometry safe (5.6s)
  ✘   84 [chromium] › e2e/editor-stage.test.ts:108:7 › T070 768px Minimal Light keeps popup ownership and geometry safe (5.6s)
  ✘   85 [chromium] › e2e/editor-stage.test.ts:108:7 › T070 768px Minimal Dark keeps popup ownership and geometry safe (5.6s)
  ✓   86 [chromium] › e2e/editor-stage.test.ts:108:7 › T070 375px Liquid Glass Follows system keeps popup ownership and geometry safe (640ms)
  ✓   87 [chromium] › e2e/editor-stage.test.ts:108:7 › T070 375px Liquid Glass Light keeps popup ownership and geometry safe (630ms)
  ✓   88 [chromium] › e2e/editor-stage.test.ts:108:7 › T070 375px Liquid Glass Dark keeps popup ownership and geometry safe (638ms)
  ✓   89 [chromium] › e2e/editor-stage.test.ts:108:7 › T070 375px Material Follows system keeps popup ownership and geometry safe (618ms)
  ✓   90 [chromium] › e2e/editor-stage.test.ts:108:7 › T070 375px Material Light keeps popup ownership and geometry safe (635ms)
  ✓   91 [chromium] › e2e/editor-stage.test.ts:108:7 › T070 375px Material Dark keeps popup ownership and geometry safe (637ms)
  ✓   92 [chromium] › e2e/editor-stage.test.ts:108:7 › T070 375px Minimal Follows system keeps popup ownership and geometry safe (636ms)
  ✓   93 [chromium] › e2e/editor-stage.test.ts:108:7 › T070 375px Minimal Light keeps popup ownership and geometry safe (638ms)
  ✓   94 [chromium] › e2e/editor-stage.test.ts:108:7 › T070 375px Minimal Dark keeps popup ownership and geometry safe (642ms)
  ✓   95 [chromium] › e2e/editor-stage.test.ts:201:7 › T069 1280px Liquid Glass Follows system retains the mockup chrome hierarchy (418ms)
  ✓   96 [chromium] › e2e/editor-stage.test.ts:201:7 › T069 1280px Liquid Glass Light retains the mockup chrome hierarchy (413ms)
  ✓   97 [chromium] › e2e/editor-stage.test.ts:201:7 › T069 1280px Liquid Glass Dark retains the mockup chrome hierarchy (424ms)
  ✓   98 [chromium] › e2e/editor-stage.test.ts:201:7 › T069 1280px Material Follows system retains the mockup chrome hierarchy (405ms)
  ✓   99 [chromium] › e2e/editor-stage.test.ts:201:7 › T069 1280px Material Light retains the mockup chrome hierarchy (406ms)
  ✓  100 [chromium] › e2e/editor-stage.test.ts:201:7 › T069 1280px Material Dark retains the mockup chrome hierarchy (415ms)
  ✓  101 [chromium] › e2e/editor-stage.test.ts:201:7 › T069 1280px Minimal Follows system retains the mockup chrome hierarchy (416ms)
  ✓  102 [chromium] › e2e/editor-stage.test.ts:201:7 › T069 1280px Minimal Light retains the mockup chrome hierarchy (423ms)
  ✓  103 [chromium] › e2e/editor-stage.test.ts:201:7 › T069 1280px Minimal Dark retains the mockup chrome hierarchy (421ms)
  ✓  104 [chromium] › e2e/editor-stage.test.ts:201:7 › T069 768px Liquid Glass Follows system retains the mockup chrome hierarchy (411ms)
  ✓  105 [chromium] › e2e/editor-stage.test.ts:201:7 › T069 768px Liquid Glass Light retains the mockup chrome hierarchy (421ms)
  ✓  106 [chromium] › e2e/editor-stage.test.ts:201:7 › T069 768px Liquid Glass Dark retains the mockup chrome hierarchy (423ms)
  ✓  107 [chromium] › e2e/editor-stage.test.ts:201:7 › T069 768px Material Follows system retains the mockup chrome hierarchy (407ms)
  ✓  108 [chromium] › e2e/editor-stage.test.ts:201:7 › T069 768px Material Light retains the mockup chrome hierarchy (413ms)
  ✓  109 [chromium] › e2e/editor-stage.test.ts:201:7 › T069 768px Material Dark retains the mockup chrome hierarchy (405ms)
  ✓  110 [chromium] › e2e/editor-stage.test.ts:201:7 › T069 768px Minimal Follows system retains the mockup chrome hierarchy (418ms)
  ✓  111 [chromium] › e2e/editor-stage.test.ts:201:7 › T069 768px Minimal Light retains the mockup chrome hierarchy (419ms)
  ✓  112 [chromium] › e2e/editor-stage.test.ts:201:7 › T069 768px Minimal Dark retains the mockup chrome hierarchy (428ms)
  ✓  113 [chromium] › e2e/editor-stage.test.ts:201:7 › T069 375px Liquid Glass Follows system retains the mockup chrome hierarchy (523ms)
  ✓  114 [chromium] › e2e/editor-stage.test.ts:201:7 › T069 375px Liquid Glass Light retains the mockup chrome hierarchy (467ms)
  ✓  115 [chromium] › e2e/editor-stage.test.ts:201:7 › T069 375px Liquid Glass Dark retains the mockup chrome hierarchy (529ms)
  ✓  116 [chromium] › e2e/editor-stage.test.ts:201:7 › T069 375px Material Follows system retains the mockup chrome hierarchy (523ms)
  ✓  117 [chromium] › e2e/editor-stage.test.ts:201:7 › T069 375px Material Light retains the mockup chrome hierarchy (462ms)
  ✓  118 [chromium] › e2e/editor-stage.test.ts:201:7 › T069 375px Material Dark retains the mockup chrome hierarchy (516ms)
  ✓  119 [chromium] › e2e/editor-stage.test.ts:201:7 › T069 375px Minimal Follows system retains the mockup chrome hierarchy (520ms)
  ✓  120 [chromium] › e2e/editor-stage.test.ts:201:7 › T069 375px Minimal Light retains the mockup chrome hierarchy (532ms)
  ✓  121 [chromium] › e2e/editor-stage.test.ts:201:7 › T069 375px Minimal Dark retains the mockup chrome hierarchy (539ms)
  ✓  122 [chromium] › e2e/editor-stage.test.ts:285:7 › T055 1280px Liquid Glass Follows system exercises reachable Editor-stage journeys (1.4s)
  ✓  123 [chromium] › e2e/editor-stage.test.ts:285:7 › T055 1280px Liquid Glass Light exercises reachable Editor-stage journeys (1.4s)
  ✓  124 [chromium] › e2e/editor-stage.test.ts:285:7 › T055 1280px Liquid Glass Dark exercises reachable Editor-stage journeys (1.5s)
  ✓  125 [chromium] › e2e/editor-stage.test.ts:285:7 › T055 1280px Material Follows system exercises reachable Editor-stage journeys (1.4s)
  ✓  126 [chromium] › e2e/editor-stage.test.ts:285:7 › T055 1280px Material Light exercises reachable Editor-stage journeys (1.4s)
  ✓  127 [chromium] › e2e/editor-stage.test.ts:285:7 › T055 1280px Material Dark exercises reachable Editor-stage journeys (1.4s)
  ✓  128 [chromium] › e2e/editor-stage.test.ts:285:7 › T055 1280px Minimal Follows system exercises reachable Editor-stage journeys (1.4s)
  ✓  129 [chromium] › e2e/editor-stage.test.ts:285:7 › T055 1280px Minimal Light exercises reachable Editor-stage journeys (1.4s)
  ✓  130 [chromium] › e2e/editor-stage.test.ts:285:7 › T055 1280px Minimal Dark exercises reachable Editor-stage journeys (1.5s)
  ✓  131 [chromium] › e2e/editor-stage.test.ts:285:7 › T055 768px Liquid Glass Follows system exercises reachable Editor-stage journeys (1.4s)
  ✓  132 [chromium] › e2e/editor-stage.test.ts:285:7 › T055 768px Liquid Glass Light exercises reachable Editor-stage journeys (1.4s)
  ✓  133 [chromium] › e2e/editor-stage.test.ts:285:7 › T055 768px Liquid Glass Dark exercises reachable Editor-stage journeys (1.5s)
  ✓  134 [chromium] › e2e/editor-stage.test.ts:285:7 › T055 768px Material Follows system exercises reachable Editor-stage journeys (1.4s)
  ✓  135 [chromium] › e2e/editor-stage.test.ts:285:7 › T055 768px Material Light exercises reachable Editor-stage journeys (1.4s)
  ✓  136 [chromium] › e2e/editor-stage.test.ts:285:7 › T055 768px Material Dark exercises reachable Editor-stage journeys (1.4s)
  ✓  137 [chromium] › e2e/editor-stage.test.ts:285:7 › T055 768px Minimal Follows system exercises reachable Editor-stage journeys (1.5s)
  ✓  138 [chromium] › e2e/editor-stage.test.ts:285:7 › T055 768px Minimal Light exercises reachable Editor-stage journeys (1.4s)
  ✓  139 [chromium] › e2e/editor-stage.test.ts:285:7 › T055 768px Minimal Dark exercises reachable Editor-stage journeys (1.5s)
  ✓  140 [chromium] › e2e/editor-stage.test.ts:285:7 › T055 375px Liquid Glass Follows system exercises reachable Editor-stage journeys (1.4s)
  ✓  141 [chromium] › e2e/editor-stage.test.ts:285:7 › T055 375px Liquid Glass Light exercises reachable Editor-stage journeys (1.5s)
  ✓  142 [chromium] › e2e/editor-stage.test.ts:285:7 › T055 375px Liquid Glass Dark exercises reachable Editor-stage journeys (1.4s)
  ✓  143 [chromium] › e2e/editor-stage.test.ts:285:7 › T055 375px Material Follows system exercises reachable Editor-stage journeys (1.4s)
  ✓  144 [chromium] › e2e/editor-stage.test.ts:285:7 › T055 375px Material Light exercises reachable Editor-stage journeys (1.4s)
  ✓  145 [chromium] › e2e/editor-stage.test.ts:285:7 › T055 375px Material Dark exercises reachable Editor-stage journeys (1.4s)
  ✓  146 [chromium] › e2e/editor-stage.test.ts:285:7 › T055 375px Minimal Follows system exercises reachable Editor-stage journeys (1.4s)
  ✓  147 [chromium] › e2e/editor-stage.test.ts:285:7 › T055 375px Minimal Light exercises reachable Editor-stage journeys (1.4s)
  ✓  148 [chromium] › e2e/editor-stage.test.ts:285:7 › T055 375px Minimal Dark exercises reachable Editor-stage journeys (1.4s)


  1) [chromium] › e2e/appearance.test.ts:18:1 › changes all six palettes through keyboard reachable appearance controls without overflow 

    Test timeout of 30000ms exceeded.

    Error: locator.click: Test timeout of 30000ms exceeded.
    Call log:
      - waiting for getByRole('button', { name: 'Settings' })


      11 |
      12 | async function openAppearance(page: Page): Promise<void> {
    > 13 |   await page.getByRole('button', { name: 'Settings' }).click();
         |                                                        ^
      14 |   await page.getByRole('menuitem', { name: 'Appearance' }).click();
      15 |   await expect(page.getByRole('dialog', { name: 'Appearance' })).toBeVisible();
      16 | }
        at openAppearance (/Users/ok/Development/GitHub/go_mark_edit/frontend/e2e/appearance.test.ts:13:56)
        at /Users/ok/Development/GitHub/go_mark_edit/frontend/e2e/appearance.test.ts:27:11

    Error Context: test-results/e2e-appearance-changes-all-3e1d6-e-controls-without-overflow-chromium/error-context.md

  2) [chromium] › e2e/appearance.test.ts:143:1 › retains the acknowledged palette when the bridge rejects an appearance write 

    Error: expect(locator).toBeVisible() failed

    Locator: getByRole('dialog', { name: 'Appearance' })
    Expected: visible
    Timeout: 5000ms
    Error: element(s) not found

    Call log:
      - Expect "toBeVisible" with timeout 5000ms
      - waiting for getByRole('dialog', { name: 'Appearance' })


      13 |   await page.getByRole('button', { name: 'Settings' }).click();
      14 |   await page.getByRole('menuitem', { name: 'Appearance' }).click();
    > 15 |   await expect(page.getByRole('dialog', { name: 'Appearance' })).toBeVisible();
         |                                                                  ^
      16 | }
      17 |
      18 | test('changes all six palettes through keyboard reachable appearance controls without overflow', async ({
        at openAppearance (/Users/ok/Development/GitHub/go_mark_edit/frontend/e2e/appearance.test.ts:15:66)
        at /Users/ok/Development/GitHub/go_mark_edit/frontend/e2e/appearance.test.ts:148:3

    Error Context: test-results/e2e-appearance-retains-the-8622b-rejects-an-appearance-write-chromium/error-context.md

  3) [chromium] › e2e/core-editor.test.ts:207:1 › STORY-022-AC-5 round trips an edit through Preview responsively 

    Error: expect(locator).toContainText(expected) failed

    Locator: locator('.monaco-editor').locator('.view-lines')
    Expected substring: "round-trip-375"
    Received string:    ""
    Timeout: 5000ms

    Call log:
      - Expect "toContainText" with timeout 5000ms
      - waiting for locator('.monaco-editor').locator('.view-lines')
        14 × locator resolved to <div data-mprt="8" aria-hidden="true" role="presentation" class="view-lines monaco-mouse-cursor-text">…</div>
           - unexpected value ""


      222 |     await input.click({ force: true });
      223 |     await page.keyboard.insertText(source);
    > 224 |     await expect(monaco.locator('.view-lines')).toContainText(source);
          |                                                 ^
      225 |
      226 |     await page.getByRole('radio', { name: 'Preview' }).click();
      227 |     await expect(editorPane).toBeHidden();
        at /Users/ok/Development/GitHub/go_mark_edit/frontend/e2e/core-editor.test.ts:224:49

    Error Context: test-results/e2e-core-editor-STORY-022--3b328-hrough-Preview-responsively-chromium/error-context.md

  4) [chromium] › e2e/core-editor.test.ts:495:1 › STORY-018-AC-3 matches the approved split-view reference 

    Error: expect(locator).toBeAttached() failed

    Locator: getByRole('complementary', { name: 'File explorer' })
    Expected: attached
    Timeout: 5000ms
    Error: element(s) not found

    Call log:
      - Expect "toBeAttached" with timeout 5000ms
      - waiting for getByRole('complementary', { name: 'File explorer' })


      501 |   await expect(
      502 |     page.getByRole('complementary', { name: 'File explorer' }),
    > 503 |   ).toBeAttached();
          |     ^
      504 |   await expect(page.getByRole('main', { name: 'Document area' })).toBeVisible();
      505 |   await expect(page.getByLabel('Editor view', { exact: true })).toBeVisible();
      506 |   await expect(
        at /Users/ok/Development/GitHub/go_mark_edit/frontend/e2e/core-editor.test.ts:503:5

    Error Context: test-results/e2e-core-editor-STORY-018--b3223-proved-split-view-reference-chromium/error-context.md

  5) [chromium] › e2e/core-editor.test.ts:596:1 › STORY-018-AC-4 verifies view-mode and View-menu interaction 

    Error: expect(locator).toHaveAttribute(expected) failed

    Locator: getByRole('menu', { name: 'View' }).getByRole('menuitemcheckbox', { name: 'Show Editor' })
    Expected: "unchecked"
    Timeout: 5000ms
    Error: element(s) not found

    Call log:
      - Expect "toHaveAttribute" with timeout 5000ms
      - waiting for getByRole('menu', { name: 'View' }).getByRole('menuitemcheckbox', { name: 'Show Editor' })


      639 |     name: 'Show Preview',
      640 |   });
    > 641 |   await expect(showEditor).toHaveAttribute('data-state', 'unchecked');
          |                            ^
      642 |   await expect(showPreview).toHaveAttribute('data-state', 'checked');
      643 |   await expect(showPreview).toHaveAttribute('data-disabled');
      644 |
        at /Users/ok/Development/GitHub/go_mark_edit/frontend/e2e/core-editor.test.ts:641:28

    Error Context: test-results/e2e-core-editor-STORY-018--70b54-e-and-View-menu-interaction-chromium/error-context.md

  6) [chromium] › e2e/editor-stage.test.ts:108:7 › T070 1280px Liquid Glass Follows system keeps popup ownership and geometry safe 

    Error: expect(locator).toBeFocused() failed

    Locator:  getByRole('button', { name: 'View' })
    Expected: focused
    Received: inactive
    Timeout:  5000ms

    Call log:
      - Expect "toBeFocused" with timeout 5000ms
      - waiting for getByRole('button', { name: 'View' })
        14 × locator resolved to <button type="button" class="_trigger_tg2ch_1">View</button>
           - unexpected value "inactive"


      152 |           await page.keyboard.press('Escape');
      153 |           await expect(view).toBeHidden();
    > 154 |           await expect(viewTrigger).toBeFocused();
          |                                     ^
      155 |
      156 |           const shell = page.getByTestId('application-shell');
      157 |           const sidebar = page
        at /Users/ok/Development/GitHub/go_mark_edit/frontend/e2e/editor-stage.test.ts:154:37

    Error Context: test-results/e2e-editor-stage-T070-1280-55ec1-ownership-and-geometry-safe-chromium/error-context.md

  7) [chromium] › e2e/editor-stage.test.ts:108:7 › T070 1280px Liquid Glass Light keeps popup ownership and geometry safe 

    Error: expect(locator).toBeFocused() failed

    Locator:  getByRole('button', { name: 'View' })
    Expected: focused
    Received: inactive
    Timeout:  5000ms

    Call log:
      - Expect "toBeFocused" with timeout 5000ms
      - waiting for getByRole('button', { name: 'View' })
        14 × locator resolved to <button type="button" class="_trigger_tg2ch_1">View</button>
           - unexpected value "inactive"


      152 |           await page.keyboard.press('Escape');
      153 |           await expect(view).toBeHidden();
    > 154 |           await expect(viewTrigger).toBeFocused();
          |                                     ^
      155 |
      156 |           const shell = page.getByTestId('application-shell');
      157 |           const sidebar = page
        at /Users/ok/Development/GitHub/go_mark_edit/frontend/e2e/editor-stage.test.ts:154:37

    Error Context: test-results/e2e-editor-stage-T070-1280-6e458-ownership-and-geometry-safe-chromium/error-context.md

  8) [chromium] › e2e/editor-stage.test.ts:108:7 › T070 1280px Liquid Glass Dark keeps popup ownership and geometry safe 

    Error: expect(locator).toBeFocused() failed

    Locator:  getByRole('button', { name: 'View' })
    Expected: focused
    Received: inactive
    Timeout:  5000ms

    Call log:
      - Expect "toBeFocused" with timeout 5000ms
      - waiting for getByRole('button', { name: 'View' })
        14 × locator resolved to <button type="button" class="_trigger_tg2ch_1">View</button>
           - unexpected value "inactive"


      152 |           await page.keyboard.press('Escape');
      153 |           await expect(view).toBeHidden();
    > 154 |           await expect(viewTrigger).toBeFocused();
          |                                     ^
      155 |
      156 |           const shell = page.getByTestId('application-shell');
      157 |           const sidebar = page
        at /Users/ok/Development/GitHub/go_mark_edit/frontend/e2e/editor-stage.test.ts:154:37

    Error Context: test-results/e2e-editor-stage-T070-1280-50cb1-ownership-and-geometry-safe-chromium/error-context.md

  9) [chromium] › e2e/editor-stage.test.ts:108:7 › T070 1280px Material Follows system keeps popup ownership and geometry safe 

    Error: expect(locator).toBeFocused() failed

    Locator:  getByRole('button', { name: 'View' })
    Expected: focused
    Received: inactive
    Timeout:  5000ms

    Call log:
      - Expect "toBeFocused" with timeout 5000ms
      - waiting for getByRole('button', { name: 'View' })
        14 × locator resolved to <button type="button" class="_trigger_tg2ch_1">View</button>
           - unexpected value "inactive"


      152 |           await page.keyboard.press('Escape');
      153 |           await expect(view).toBeHidden();
    > 154 |           await expect(viewTrigger).toBeFocused();
          |                                     ^
      155 |
      156 |           const shell = page.getByTestId('application-shell');
      157 |           const sidebar = page
        at /Users/ok/Development/GitHub/go_mark_edit/frontend/e2e/editor-stage.test.ts:154:37

    Error Context: test-results/e2e-editor-stage-T070-1280-4515a-ownership-and-geometry-safe-chromium/error-context.md

  10) [chromium] › e2e/editor-stage.test.ts:108:7 › T070 1280px Material Light keeps popup ownership and geometry safe 

    Error: expect(locator).toBeFocused() failed

    Locator:  getByRole('button', { name: 'View' })
    Expected: focused
    Received: inactive
    Timeout:  5000ms

    Call log:
      - Expect "toBeFocused" with timeout 5000ms
      - waiting for getByRole('button', { name: 'View' })
        14 × locator resolved to <button type="button" class="_trigger_tg2ch_1">View</button>
           - unexpected value "inactive"


      152 |           await page.keyboard.press('Escape');
      153 |           await expect(view).toBeHidden();
    > 154 |           await expect(viewTrigger).toBeFocused();
          |                                     ^
      155 |
      156 |           const shell = page.getByTestId('application-shell');
      157 |           const sidebar = page
        at /Users/ok/Development/GitHub/go_mark_edit/frontend/e2e/editor-stage.test.ts:154:37

    Error Context: test-results/e2e-editor-stage-T070-1280-a504f-ownership-and-geometry-safe-chromium/error-context.md

  11) [chromium] › e2e/editor-stage.test.ts:108:7 › T070 1280px Material Dark keeps popup ownership and geometry safe 

    Error: expect(locator).toBeFocused() failed

    Locator:  getByRole('button', { name: 'View' })
    Expected: focused
    Received: inactive
    Timeout:  5000ms

    Call log:
      - Expect "toBeFocused" with timeout 5000ms
      - waiting for getByRole('button', { name: 'View' })
        14 × locator resolved to <button type="button" class="_trigger_tg2ch_1">View</button>
           - unexpected value "inactive"


      152 |           await page.keyboard.press('Escape');
      153 |           await expect(view).toBeHidden();
    > 154 |           await expect(viewTrigger).toBeFocused();
          |                                     ^
      155 |
      156 |           const shell = page.getByTestId('application-shell');
      157 |           const sidebar = page
        at /Users/ok/Development/GitHub/go_mark_edit/frontend/e2e/editor-stage.test.ts:154:37

    Error Context: test-results/e2e-editor-stage-T070-1280-6328d-ownership-and-geometry-safe-chromium/error-context.md

  12) [chromium] › e2e/editor-stage.test.ts:108:7 › T070 1280px Minimal Follows system keeps popup ownership and geometry safe 

    Error: expect(locator).toBeFocused() failed

    Locator:  getByRole('button', { name: 'View' })
    Expected: focused
    Received: inactive
    Timeout:  5000ms

    Call log:
      - Expect "toBeFocused" with timeout 5000ms
      - waiting for getByRole('button', { name: 'View' })
        14 × locator resolved to <button type="button" class="_trigger_tg2ch_1">View</button>
           - unexpected value "inactive"


      152 |           await page.keyboard.press('Escape');
      153 |           await expect(view).toBeHidden();
    > 154 |           await expect(viewTrigger).toBeFocused();
          |                                     ^
      155 |
      156 |           const shell = page.getByTestId('application-shell');
      157 |           const sidebar = page
        at /Users/ok/Development/GitHub/go_mark_edit/frontend/e2e/editor-stage.test.ts:154:37

    Error Context: test-results/e2e-editor-stage-T070-1280-c3bd5-ownership-and-geometry-safe-chromium/error-context.md

  13) [chromium] › e2e/editor-stage.test.ts:108:7 › T070 1280px Minimal Light keeps popup ownership and geometry safe 

    Error: expect(locator).toBeFocused() failed

    Locator:  getByRole('button', { name: 'View' })
    Expected: focused
    Received: inactive
    Timeout:  5000ms

    Call log:
      - Expect "toBeFocused" with timeout 5000ms
      - waiting for getByRole('button', { name: 'View' })
        14 × locator resolved to <button type="button" class="_trigger_tg2ch_1">View</button>
           - unexpected value "inactive"


      152 |           await page.keyboard.press('Escape');
      153 |           await expect(view).toBeHidden();
    > 154 |           await expect(viewTrigger).toBeFocused();
          |                                     ^
      155 |
      156 |           const shell = page.getByTestId('application-shell');
      157 |           const sidebar = page
        at /Users/ok/Development/GitHub/go_mark_edit/frontend/e2e/editor-stage.test.ts:154:37

    Error Context: test-results/e2e-editor-stage-T070-1280-d6ab3-ownership-and-geometry-safe-chromium/error-context.md

  14) [chromium] › e2e/editor-stage.test.ts:108:7 › T070 1280px Minimal Dark keeps popup ownership and geometry safe 

    Error: expect(locator).toBeFocused() failed

    Locator:  getByRole('button', { name: 'View' })
    Expected: focused
    Received: inactive
    Timeout:  5000ms

    Call log:
      - Expect "toBeFocused" with timeout 5000ms
      - waiting for getByRole('button', { name: 'View' })
        14 × locator resolved to <button type="button" class="_trigger_tg2ch_1">View</button>
           - unexpected value "inactive"


      152 |           await page.keyboard.press('Escape');
      153 |           await expect(view).toBeHidden();
    > 154 |           await expect(viewTrigger).toBeFocused();
          |                                     ^
      155 |
      156 |           const shell = page.getByTestId('application-shell');
      157 |           const sidebar = page
        at /Users/ok/Development/GitHub/go_mark_edit/frontend/e2e/editor-stage.test.ts:154:37

    Error Context: test-results/e2e-editor-stage-T070-1280-f0d54-ownership-and-geometry-safe-chromium/error-context.md

  15) [chromium] › e2e/editor-stage.test.ts:108:7 › T070 768px Liquid Glass Follows system keeps popup ownership and geometry safe 

    Error: expect(locator).toBeFocused() failed

    Locator:  getByRole('button', { name: 'View' })
    Expected: focused
    Received: inactive
    Timeout:  5000ms

    Call log:
      - Expect "toBeFocused" with timeout 5000ms
      - waiting for getByRole('button', { name: 'View' })
        14 × locator resolved to <button type="button" class="_trigger_tg2ch_1">View</button>
           - unexpected value "inactive"


      152 |           await page.keyboard.press('Escape');
      153 |           await expect(view).toBeHidden();
    > 154 |           await expect(viewTrigger).toBeFocused();
          |                                     ^
      155 |
      156 |           const shell = page.getByTestId('application-shell');
      157 |           const sidebar = page
        at /Users/ok/Development/GitHub/go_mark_edit/frontend/e2e/editor-stage.test.ts:154:37

    Error Context: test-results/e2e-editor-stage-T070-768p-f21cb-ownership-and-geometry-safe-chromium/error-context.md

  16) [chromium] › e2e/editor-stage.test.ts:108:7 › T070 768px Liquid Glass Light keeps popup ownership and geometry safe 

    Error: expect(locator).toBeFocused() failed

    Locator:  getByRole('button', { name: 'View' })
    Expected: focused
    Received: inactive
    Timeout:  5000ms

    Call log:
      - Expect "toBeFocused" with timeout 5000ms
      - waiting for getByRole('button', { name: 'View' })
        14 × locator resolved to <button type="button" class="_trigger_tg2ch_1">View</button>
           - unexpected value "inactive"


      152 |           await page.keyboard.press('Escape');
      153 |           await expect(view).toBeHidden();
    > 154 |           await expect(viewTrigger).toBeFocused();
          |                                     ^
      155 |
      156 |           const shell = page.getByTestId('application-shell');
      157 |           const sidebar = page
        at /Users/ok/Development/GitHub/go_mark_edit/frontend/e2e/editor-stage.test.ts:154:37

    Error Context: test-results/e2e-editor-stage-T070-768p-5941b-ownership-and-geometry-safe-chromium/error-context.md

  17) [chromium] › e2e/editor-stage.test.ts:108:7 › T070 768px Liquid Glass Dark keeps popup ownership and geometry safe 

    Error: expect(locator).toBeFocused() failed

    Locator:  getByRole('button', { name: 'View' })
    Expected: focused
    Received: inactive
    Timeout:  5000ms

    Call log:
      - Expect "toBeFocused" with timeout 5000ms
      - waiting for getByRole('button', { name: 'View' })
        14 × locator resolved to <button type="button" class="_trigger_tg2ch_1">View</button>
           - unexpected value "inactive"


      152 |           await page.keyboard.press('Escape');
      153 |           await expect(view).toBeHidden();
    > 154 |           await expect(viewTrigger).toBeFocused();
          |                                     ^
      155 |
      156 |           const shell = page.getByTestId('application-shell');
      157 |           const sidebar = page
        at /Users/ok/Development/GitHub/go_mark_edit/frontend/e2e/editor-stage.test.ts:154:37

    Error Context: test-results/e2e-editor-stage-T070-768p-ee632-ownership-and-geometry-safe-chromium/error-context.md

  18) [chromium] › e2e/editor-stage.test.ts:108:7 › T070 768px Material Follows system keeps popup ownership and geometry safe 

    Error: expect(locator).toBeFocused() failed

    Locator:  getByRole('button', { name: 'View' })
    Expected: focused
    Received: inactive
    Timeout:  5000ms

    Call log:
      - Expect "toBeFocused" with timeout 5000ms
      - waiting for getByRole('button', { name: 'View' })
        14 × locator resolved to <button type="button" class="_trigger_tg2ch_1">View</button>
           - unexpected value "inactive"


      152 |           await page.keyboard.press('Escape');
      153 |           await expect(view).toBeHidden();
    > 154 |           await expect(viewTrigger).toBeFocused();
          |                                     ^
      155 |
      156 |           const shell = page.getByTestId('application-shell');
      157 |           const sidebar = page
        at /Users/ok/Development/GitHub/go_mark_edit/frontend/e2e/editor-stage.test.ts:154:37

    Error Context: test-results/e2e-editor-stage-T070-768p-0cf17-ownership-and-geometry-safe-chromium/error-context.md

  19) [chromium] › e2e/editor-stage.test.ts:108:7 › T070 768px Material Light keeps popup ownership and geometry safe 

    Error: expect(locator).toBeFocused() failed

    Locator:  getByRole('button', { name: 'View' })
    Expected: focused
    Received: inactive
    Timeout:  5000ms

    Call log:
      - Expect "toBeFocused" with timeout 5000ms
      - waiting for getByRole('button', { name: 'View' })
        14 × locator resolved to <button type="button" class="_trigger_tg2ch_1">View</button>
           - unexpected value "inactive"


      152 |           await page.keyboard.press('Escape');
      153 |           await expect(view).toBeHidden();
    > 154 |           await expect(viewTrigger).toBeFocused();
          |                                     ^
      155 |
      156 |           const shell = page.getByTestId('application-shell');
      157 |           const sidebar = page
        at /Users/ok/Development/GitHub/go_mark_edit/frontend/e2e/editor-stage.test.ts:154:37

    Error Context: test-results/e2e-editor-stage-T070-768p-d6602-ownership-and-geometry-safe-chromium/error-context.md

  20) [chromium] › e2e/editor-stage.test.ts:108:7 › T070 768px Material Dark keeps popup ownership and geometry safe 

    Error: expect(locator).toBeFocused() failed

    Locator:  getByRole('button', { name: 'View' })
    Expected: focused
    Received: inactive
    Timeout:  5000ms

    Call log:
      - Expect "toBeFocused" with timeout 5000ms
      - waiting for getByRole('button', { name: 'View' })
        14 × locator resolved to <button type="button" class="_trigger_tg2ch_1">View</button>
           - unexpected value "inactive"


      152 |           await page.keyboard.press('Escape');
      153 |           await expect(view).toBeHidden();
    > 154 |           await expect(viewTrigger).toBeFocused();
          |                                     ^
      155 |
      156 |           const shell = page.getByTestId('application-shell');
      157 |           const sidebar = page
        at /Users/ok/Development/GitHub/go_mark_edit/frontend/e2e/editor-stage.test.ts:154:37

    Error Context: test-results/e2e-editor-stage-T070-768p-1183e-ownership-and-geometry-safe-chromium/error-context.md

  21) [chromium] › e2e/editor-stage.test.ts:108:7 › T070 768px Minimal Follows system keeps popup ownership and geometry safe 

    Error: expect(locator).toBeFocused() failed

    Locator:  getByRole('button', { name: 'View' })
    Expected: focused
    Received: inactive
    Timeout:  5000ms

    Call log:
      - Expect "toBeFocused" with timeout 5000ms
      - waiting for getByRole('button', { name: 'View' })
        14 × locator resolved to <button type="button" class="_trigger_tg2ch_1">View</button>
           - unexpected value "inactive"


      152 |           await page.keyboard.press('Escape');
      153 |           await expect(view).toBeHidden();
    > 154 |           await expect(viewTrigger).toBeFocused();
          |                                     ^
      155 |
      156 |           const shell = page.getByTestId('application-shell');
      157 |           const sidebar = page
        at /Users/ok/Development/GitHub/go_mark_edit/frontend/e2e/editor-stage.test.ts:154:37

    Error Context: test-results/e2e-editor-stage-T070-768p-3a8bd-ownership-and-geometry-safe-chromium/error-context.md

  22) [chromium] › e2e/editor-stage.test.ts:108:7 › T070 768px Minimal Light keeps popup ownership and geometry safe 

    Error: expect(locator).toBeFocused() failed

    Locator:  getByRole('button', { name: 'View' })
    Expected: focused
    Received: inactive
    Timeout:  5000ms

    Call log:
      - Expect "toBeFocused" with timeout 5000ms
      - waiting for getByRole('button', { name: 'View' })
        14 × locator resolved to <button type="button" class="_trigger_tg2ch_1">View</button>
           - unexpected value "inactive"


      152 |           await page.keyboard.press('Escape');
      153 |           await expect(view).toBeHidden();
    > 154 |           await expect(viewTrigger).toBeFocused();
          |                                     ^
      155 |
      156 |           const shell = page.getByTestId('application-shell');
      157 |           const sidebar = page
        at /Users/ok/Development/GitHub/go_mark_edit/frontend/e2e/editor-stage.test.ts:154:37

    Error Context: test-results/e2e-editor-stage-T070-768p-e5dc1-ownership-and-geometry-safe-chromium/error-context.md

  23) [chromium] › e2e/editor-stage.test.ts:108:7 › T070 768px Minimal Dark keeps popup ownership and geometry safe 

    Error: expect(locator).toBeFocused() failed

    Locator:  getByRole('button', { name: 'View' })
    Expected: focused
    Received: inactive
    Timeout:  5000ms

    Call log:
      - Expect "toBeFocused" with timeout 5000ms
      - waiting for getByRole('button', { name: 'View' })
        14 × locator resolved to <button type="button" class="_trigger_tg2ch_1">View</button>
           - unexpected value "inactive"


      152 |           await page.keyboard.press('Escape');
      153 |           await expect(view).toBeHidden();
    > 154 |           await expect(viewTrigger).toBeFocused();
          |                                     ^
      155 |
      156 |           const shell = page.getByTestId('application-shell');
      157 |           const sidebar = page
        at /Users/ok/Development/GitHub/go_mark_edit/frontend/e2e/editor-stage.test.ts:154:37

    Error Context: test-results/e2e-editor-stage-T070-768p-593fd-ownership-and-geometry-safe-chromium/error-context.md

  24) [chromium] › e2e/window-shell.test.ts:318:5 › T026 shell matrix 375 glass light ──────────────

    Error: expect(received).toEqual(expected) // deep equality

    - Expected  - 6
    + Received  + 1

    - Array [
    -   "File",
    -   "Settings",
    -   "View",
    -   "About",
    - ]
    + Array []

      65 |     const overflow = actionBar.getByRole('button', { name: 'More actions' });
      66 |     await overflow.click();
    > 67 |     expect(await actionBar.getByRole('menuitem').allTextContents()).toEqual([
         |                                                                     ^
      68 |       'File',
      69 |       'Settings',
      70 |       'View',
        at expectEditorStageFixtures (/Users/ok/Development/GitHub/go_mark_edit/frontend/e2e/window-shell.test.ts:67:69)
        at /Users/ok/Development/GitHub/go_mark_edit/frontend/e2e/window-shell.test.ts:356:7

    Error Context: test-results/e2e-window-shell-T026-shell-matrix-375-glass-light-chromium/error-context.md

  25) [chromium] › e2e/window-shell.test.ts:318:5 › T026 shell matrix 375 glass dark ───────────────

    Error: expect(received).toEqual(expected) // deep equality

    - Expected  - 6
    + Received  + 1

    - Array [
    -   "File",
    -   "Settings",
    -   "View",
    -   "About",
    - ]
    + Array []

      65 |     const overflow = actionBar.getByRole('button', { name: 'More actions' });
      66 |     await overflow.click();
    > 67 |     expect(await actionBar.getByRole('menuitem').allTextContents()).toEqual([
         |                                                                     ^
      68 |       'File',
      69 |       'Settings',
      70 |       'View',
        at expectEditorStageFixtures (/Users/ok/Development/GitHub/go_mark_edit/frontend/e2e/window-shell.test.ts:67:69)
        at /Users/ok/Development/GitHub/go_mark_edit/frontend/e2e/window-shell.test.ts:356:7

    Error Context: test-results/e2e-window-shell-T026-shell-matrix-375-glass-dark-chromium/error-context.md

  26) [chromium] › e2e/window-shell.test.ts:318:5 › T026 shell matrix 375 material light ───────────

    Error: expect(received).toEqual(expected) // deep equality

    - Expected  - 6
    + Received  + 1

    - Array [
    -   "File",
    -   "Settings",
    -   "View",
    -   "About",
    - ]
    + Array []

      65 |     const overflow = actionBar.getByRole('button', { name: 'More actions' });
      66 |     await overflow.click();
    > 67 |     expect(await actionBar.getByRole('menuitem').allTextContents()).toEqual([
         |                                                                     ^
      68 |       'File',
      69 |       'Settings',
      70 |       'View',
        at expectEditorStageFixtures (/Users/ok/Development/GitHub/go_mark_edit/frontend/e2e/window-shell.test.ts:67:69)
        at /Users/ok/Development/GitHub/go_mark_edit/frontend/e2e/window-shell.test.ts:356:7

    Error Context: test-results/e2e-window-shell-T026-shell-matrix-375-material-light-chromium/error-context.md

  27) [chromium] › e2e/window-shell.test.ts:318:5 › T026 shell matrix 375 material dark ────────────

    Error: expect(received).toEqual(expected) // deep equality

    - Expected  - 6
    + Received  + 1

    - Array [
    -   "File",
    -   "Settings",
    -   "View",
    -   "About",
    - ]
    + Array []

      65 |     const overflow = actionBar.getByRole('button', { name: 'More actions' });
      66 |     await overflow.click();
    > 67 |     expect(await actionBar.getByRole('menuitem').allTextContents()).toEqual([
         |                                                                     ^
      68 |       'File',
      69 |       'Settings',
      70 |       'View',
        at expectEditorStageFixtures (/Users/ok/Development/GitHub/go_mark_edit/frontend/e2e/window-shell.test.ts:67:69)
        at /Users/ok/Development/GitHub/go_mark_edit/frontend/e2e/window-shell.test.ts:356:7

    Error Context: test-results/e2e-window-shell-T026-shell-matrix-375-material-dark-chromium/error-context.md

  28) [chromium] › e2e/window-shell.test.ts:318:5 › T026 shell matrix 375 minimal light ────────────

    Error: expect(received).toEqual(expected) // deep equality

    - Expected  - 6
    + Received  + 1

    - Array [
    -   "File",
    -   "Settings",
    -   "View",
    -   "About",
    - ]
    + Array []

      65 |     const overflow = actionBar.getByRole('button', { name: 'More actions' });
      66 |     await overflow.click();
    > 67 |     expect(await actionBar.getByRole('menuitem').allTextContents()).toEqual([
         |                                                                     ^
      68 |       'File',
      69 |       'Settings',
      70 |       'View',
        at expectEditorStageFixtures (/Users/ok/Development/GitHub/go_mark_edit/frontend/e2e/window-shell.test.ts:67:69)
        at /Users/ok/Development/GitHub/go_mark_edit/frontend/e2e/window-shell.test.ts:356:7

    Error Context: test-results/e2e-window-shell-T026-shell-matrix-375-minimal-light-chromium/error-context.md

  29) [chromium] › e2e/window-shell.test.ts:318:5 › T026 shell matrix 375 minimal dark ─────────────

    Error: expect(received).toEqual(expected) // deep equality

    - Expected  - 6
    + Received  + 1

    - Array [
    -   "File",
    -   "Settings",
    -   "View",
    -   "About",
    - ]
    + Array []

      65 |     const overflow = actionBar.getByRole('button', { name: 'More actions' });
      66 |     await overflow.click();
    > 67 |     expect(await actionBar.getByRole('menuitem').allTextContents()).toEqual([
         |                                                                     ^
      68 |       'File',
      69 |       'Settings',
      70 |       'View',
        at expectEditorStageFixtures (/Users/ok/Development/GitHub/go_mark_edit/frontend/e2e/window-shell.test.ts:67:69)
        at /Users/ok/Development/GitHub/go_mark_edit/frontend/e2e/window-shell.test.ts:356:7

    Error Context: test-results/e2e-window-shell-T026-shell-matrix-375-minimal-dark-chromium/error-context.md

  30) [chromium] › e2e/window-shell.test.ts:318:5 › T026 shell matrix 768 glass light ──────────────

    Error: expect(page).toHaveScreenshot(expected) failed

      8749 pixels (ratio 0.02 of all image pixels) are different.

      Snapshot: window-shell-768-glass-light.png

    Call log:
      - Expect "toHaveScreenshot(window-shell-768-glass-light.png)" with timeout 5000ms
        - verifying given screenshot expectation
      - taking page screenshot
        - disabled all CSS animations
      - waiting for fonts to load...
      - fonts loaded
      - 8749 pixels (ratio 0.02 of all image pixels) are different.
      - waiting 100ms before taking screenshot
      - taking page screenshot
        - disabled all CSS animations
      - waiting for fonts to load...
      - fonts loaded
      - captured a stable screenshot
      - 8749 pixels (ratio 0.02 of all image pixels) are different.


      423 |           '.monaco-editor .cursor, .monaco-editor .decorationsOverviewRuler { visibility: hidden !important; }',
      424 |       });
    > 425 |       await expect(page).toHaveScreenshot(
          |                          ^
      426 |         `window-shell-${width}-${theme}-${mode}.png`,
      427 |         {
      428 |           animations: 'disabled',
        at /Users/ok/Development/GitHub/go_mark_edit/frontend/e2e/window-shell.test.ts:425:26

    attachment #1: window-shell-768-glass-light (image/png) ────────────────────────────────────────
    Expected: e2e/window-shell.test.ts-snapshots/window-shell-768-glass-light.png
    Received: test-results/e2e-window-shell-T026-shell-matrix-768-glass-light-chromium/window-shell-768-glass-light-actual.png
    Diff:     test-results/e2e-window-shell-T026-shell-matrix-768-glass-light-chromium/window-shell-768-glass-light-diff.png
    ────────────────────────────────────────────────────────────────────────────────────────────────

    Error Context: test-results/e2e-window-shell-T026-shell-matrix-768-glass-light-chromium/error-context.md

  31) [chromium] › e2e/window-shell.test.ts:318:5 › T026 shell matrix 768 glass dark ───────────────

    Error: expect(page).toHaveScreenshot(expected) failed

      31766 pixels (ratio 0.06 of all image pixels) are different.

      Snapshot: window-shell-768-glass-dark.png

    Call log:
      - Expect "toHaveScreenshot(window-shell-768-glass-dark.png)" with timeout 5000ms
        - verifying given screenshot expectation
      - taking page screenshot
        - disabled all CSS animations
      - waiting for fonts to load...
      - fonts loaded
      - 31766 pixels (ratio 0.06 of all image pixels) are different.
      - waiting 100ms before taking screenshot
      - taking page screenshot
        - disabled all CSS animations
      - waiting for fonts to load...
      - fonts loaded
      - captured a stable screenshot
      - 31766 pixels (ratio 0.06 of all image pixels) are different.


      423 |           '.monaco-editor .cursor, .monaco-editor .decorationsOverviewRuler { visibility: hidden !important; }',
      424 |       });
    > 425 |       await expect(page).toHaveScreenshot(
          |                          ^
      426 |         `window-shell-${width}-${theme}-${mode}.png`,
      427 |         {
      428 |           animations: 'disabled',
        at /Users/ok/Development/GitHub/go_mark_edit/frontend/e2e/window-shell.test.ts:425:26

    attachment #1: window-shell-768-glass-dark (image/png) ─────────────────────────────────────────
    Expected: e2e/window-shell.test.ts-snapshots/window-shell-768-glass-dark.png
    Received: test-results/e2e-window-shell-T026-shell-matrix-768-glass-dark-chromium/window-shell-768-glass-dark-actual.png
    Diff:     test-results/e2e-window-shell-T026-shell-matrix-768-glass-dark-chromium/window-shell-768-glass-dark-diff.png
    ────────────────────────────────────────────────────────────────────────────────────────────────

    Error Context: test-results/e2e-window-shell-T026-shell-matrix-768-glass-dark-chromium/error-context.md

  32) [chromium] › e2e/window-shell.test.ts:318:5 › T026 shell matrix 768 material light ───────────

    Error: expect(page).toHaveScreenshot(expected) failed

      7066 pixels (ratio 0.02 of all image pixels) are different.

      Snapshot: window-shell-768-material-light.png

    Call log:
      - Expect "toHaveScreenshot(window-shell-768-material-light.png)" with timeout 5000ms
        - verifying given screenshot expectation
      - taking page screenshot
        - disabled all CSS animations
      - waiting for fonts to load...
      - fonts loaded
      - 7066 pixels (ratio 0.02 of all image pixels) are different.
      - waiting 100ms before taking screenshot
      - taking page screenshot
        - disabled all CSS animations
      - waiting for fonts to load...
      - fonts loaded
      - captured a stable screenshot
      - 7066 pixels (ratio 0.02 of all image pixels) are different.


      423 |           '.monaco-editor .cursor, .monaco-editor .decorationsOverviewRuler { visibility: hidden !important; }',
      424 |       });
    > 425 |       await expect(page).toHaveScreenshot(
          |                          ^
      426 |         `window-shell-${width}-${theme}-${mode}.png`,
      427 |         {
      428 |           animations: 'disabled',
        at /Users/ok/Development/GitHub/go_mark_edit/frontend/e2e/window-shell.test.ts:425:26

    attachment #1: window-shell-768-material-light (image/png) ─────────────────────────────────────
    Expected: e2e/window-shell.test.ts-snapshots/window-shell-768-material-light.png
    Received: test-results/e2e-window-shell-T026-shell-matrix-768-material-light-chromium/window-shell-768-material-light-actual.png
    Diff:     test-results/e2e-window-shell-T026-shell-matrix-768-material-light-chromium/window-shell-768-material-light-diff.png
    ────────────────────────────────────────────────────────────────────────────────────────────────

    Error Context: test-results/e2e-window-shell-T026-shell-matrix-768-material-light-chromium/error-context.md

  33) [chromium] › e2e/window-shell.test.ts:318:5 › T026 shell matrix 768 material dark ────────────

    Error: expect(page).toHaveScreenshot(expected) failed

      7172 pixels (ratio 0.02 of all image pixels) are different.

      Snapshot: window-shell-768-material-dark.png

    Call log:
      - Expect "toHaveScreenshot(window-shell-768-material-dark.png)" with timeout 5000ms
        - verifying given screenshot expectation
      - taking page screenshot
        - disabled all CSS animations
      - waiting for fonts to load...
      - fonts loaded
      - 7172 pixels (ratio 0.02 of all image pixels) are different.
      - waiting 100ms before taking screenshot
      - taking page screenshot
        - disabled all CSS animations
      - waiting for fonts to load...
      - fonts loaded
      - captured a stable screenshot
      - 7172 pixels (ratio 0.02 of all image pixels) are different.


      423 |           '.monaco-editor .cursor, .monaco-editor .decorationsOverviewRuler { visibility: hidden !important; }',
      424 |       });
    > 425 |       await expect(page).toHaveScreenshot(
          |                          ^
      426 |         `window-shell-${width}-${theme}-${mode}.png`,
      427 |         {
      428 |           animations: 'disabled',
        at /Users/ok/Development/GitHub/go_mark_edit/frontend/e2e/window-shell.test.ts:425:26

    attachment #1: window-shell-768-material-dark (image/png) ──────────────────────────────────────
    Expected: e2e/window-shell.test.ts-snapshots/window-shell-768-material-dark.png
    Received: test-results/e2e-window-shell-T026-shell-matrix-768-material-dark-chromium/window-shell-768-material-dark-actual.png
    Diff:     test-results/e2e-window-shell-T026-shell-matrix-768-material-dark-chromium/window-shell-768-material-dark-diff.png
    ────────────────────────────────────────────────────────────────────────────────────────────────

    Error Context: test-results/e2e-window-shell-T026-shell-matrix-768-material-dark-chromium/error-context.md

  34) [chromium] › e2e/window-shell.test.ts:318:5 › T026 shell matrix 768 minimal light ────────────

    Error: expect(page).toHaveScreenshot(expected) failed

      7266 pixels (ratio 0.02 of all image pixels) are different.

      Snapshot: window-shell-768-minimal-light.png

    Call log:
      - Expect "toHaveScreenshot(window-shell-768-minimal-light.png)" with timeout 5000ms
        - verifying given screenshot expectation
      - taking page screenshot
        - disabled all CSS animations
      - waiting for fonts to load...
      - fonts loaded
      - 7266 pixels (ratio 0.02 of all image pixels) are different.
      - waiting 100ms before taking screenshot
      - taking page screenshot
        - disabled all CSS animations
      - waiting for fonts to load...
      - fonts loaded
      - captured a stable screenshot
      - 7266 pixels (ratio 0.02 of all image pixels) are different.


      423 |           '.monaco-editor .cursor, .monaco-editor .decorationsOverviewRuler { visibility: hidden !important; }',
      424 |       });
    > 425 |       await expect(page).toHaveScreenshot(
          |                          ^
      426 |         `window-shell-${width}-${theme}-${mode}.png`,
      427 |         {
      428 |           animations: 'disabled',
        at /Users/ok/Development/GitHub/go_mark_edit/frontend/e2e/window-shell.test.ts:425:26

    attachment #1: window-shell-768-minimal-light (image/png) ──────────────────────────────────────
    Expected: e2e/window-shell.test.ts-snapshots/window-shell-768-minimal-light.png
    Received: test-results/e2e-window-shell-T026-shell-matrix-768-minimal-light-chromium/window-shell-768-minimal-light-actual.png
    Diff:     test-results/e2e-window-shell-T026-shell-matrix-768-minimal-light-chromium/window-shell-768-minimal-light-diff.png
    ────────────────────────────────────────────────────────────────────────────────────────────────

    Error Context: test-results/e2e-window-shell-T026-shell-matrix-768-minimal-light-chromium/error-context.md

  35) [chromium] › e2e/window-shell.test.ts:318:5 › T026 shell matrix 768 minimal dark ─────────────

    Error: expect(page).toHaveScreenshot(expected) failed

      7390 pixels (ratio 0.02 of all image pixels) are different.

      Snapshot: window-shell-768-minimal-dark.png

    Call log:
      - Expect "toHaveScreenshot(window-shell-768-minimal-dark.png)" with timeout 5000ms
        - verifying given screenshot expectation
      - taking page screenshot
        - disabled all CSS animations
      - waiting for fonts to load...
      - fonts loaded
      - 7390 pixels (ratio 0.02 of all image pixels) are different.
      - waiting 100ms before taking screenshot
      - taking page screenshot
        - disabled all CSS animations
      - waiting for fonts to load...
      - fonts loaded
      - captured a stable screenshot
      - 7390 pixels (ratio 0.02 of all image pixels) are different.


      423 |           '.monaco-editor .cursor, .monaco-editor .decorationsOverviewRuler { visibility: hidden !important; }',
      424 |       });
    > 425 |       await expect(page).toHaveScreenshot(
          |                          ^
      426 |         `window-shell-${width}-${theme}-${mode}.png`,
      427 |         {
      428 |           animations: 'disabled',
        at /Users/ok/Development/GitHub/go_mark_edit/frontend/e2e/window-shell.test.ts:425:26

    attachment #1: window-shell-768-minimal-dark (image/png) ───────────────────────────────────────
    Expected: e2e/window-shell.test.ts-snapshots/window-shell-768-minimal-dark.png
    Received: test-results/e2e-window-shell-T026-shell-matrix-768-minimal-dark-chromium/window-shell-768-minimal-dark-actual.png
    Diff:     test-results/e2e-window-shell-T026-shell-matrix-768-minimal-dark-chromium/window-shell-768-minimal-dark-diff.png
    ────────────────────────────────────────────────────────────────────────────────────────────────

    Error Context: test-results/e2e-window-shell-T026-shell-matrix-768-minimal-dark-chromium/error-context.md

  36) [chromium] › e2e/window-shell.test.ts:318:5 › T026 shell matrix 1280 glass light ─────────────

    Error: expect(page).toHaveScreenshot(expected) failed

      9548 pixels (ratio 0.02 of all image pixels) are different.

      Snapshot: window-shell-1280-glass-light.png

    Call log:
      - Expect "toHaveScreenshot(window-shell-1280-glass-light.png)" with timeout 5000ms
        - verifying given screenshot expectation
      - taking page screenshot
        - disabled all CSS animations
      - waiting for fonts to load...
      - fonts loaded
      - 9548 pixels (ratio 0.02 of all image pixels) are different.
      - waiting 100ms before taking screenshot
      - taking page screenshot
        - disabled all CSS animations
      - waiting for fonts to load...
      - fonts loaded
      - captured a stable screenshot
      - 9548 pixels (ratio 0.02 of all image pixels) are different.


      423 |           '.monaco-editor .cursor, .monaco-editor .decorationsOverviewRuler { visibility: hidden !important; }',
      424 |       });
    > 425 |       await expect(page).toHaveScreenshot(
          |                          ^
      426 |         `window-shell-${width}-${theme}-${mode}.png`,
      427 |         {
      428 |           animations: 'disabled',
        at /Users/ok/Development/GitHub/go_mark_edit/frontend/e2e/window-shell.test.ts:425:26

    attachment #1: window-shell-1280-glass-light (image/png) ───────────────────────────────────────
    Expected: e2e/window-shell.test.ts-snapshots/window-shell-1280-glass-light.png
    Received: test-results/e2e-window-shell-T026-shell-matrix-1280-glass-light-chromium/window-shell-1280-glass-light-actual.png
    Diff:     test-results/e2e-window-shell-T026-shell-matrix-1280-glass-light-chromium/window-shell-1280-glass-light-diff.png
    ────────────────────────────────────────────────────────────────────────────────────────────────

    Error Context: test-results/e2e-window-shell-T026-shell-matrix-1280-glass-light-chromium/error-context.md

  37) [chromium] › e2e/window-shell.test.ts:318:5 › T026 shell matrix 1280 glass dark ──────────────

    Error: expect(page).toHaveScreenshot(expected) failed

      40823 pixels (ratio 0.05 of all image pixels) are different.

      Snapshot: window-shell-1280-glass-dark.png

    Call log:
      - Expect "toHaveScreenshot(window-shell-1280-glass-dark.png)" with timeout 5000ms
        - verifying given screenshot expectation
      - taking page screenshot
        - disabled all CSS animations
      - waiting for fonts to load...
      - fonts loaded
      - 40823 pixels (ratio 0.05 of all image pixels) are different.
      - waiting 100ms before taking screenshot
      - taking page screenshot
        - disabled all CSS animations
      - waiting for fonts to load...
      - fonts loaded
      - captured a stable screenshot
      - 40823 pixels (ratio 0.05 of all image pixels) are different.


      423 |           '.monaco-editor .cursor, .monaco-editor .decorationsOverviewRuler { visibility: hidden !important; }',
      424 |       });
    > 425 |       await expect(page).toHaveScreenshot(
          |                          ^
      426 |         `window-shell-${width}-${theme}-${mode}.png`,
      427 |         {
      428 |           animations: 'disabled',
        at /Users/ok/Development/GitHub/go_mark_edit/frontend/e2e/window-shell.test.ts:425:26

    attachment #1: window-shell-1280-glass-dark (image/png) ────────────────────────────────────────
    Expected: e2e/window-shell.test.ts-snapshots/window-shell-1280-glass-dark.png
    Received: test-results/e2e-window-shell-T026-shell-matrix-1280-glass-dark-chromium/window-shell-1280-glass-dark-actual.png
    Diff:     test-results/e2e-window-shell-T026-shell-matrix-1280-glass-dark-chromium/window-shell-1280-glass-dark-diff.png
    ────────────────────────────────────────────────────────────────────────────────────────────────

    Error Context: test-results/e2e-window-shell-T026-shell-matrix-1280-glass-dark-chromium/error-context.md

  38) [chromium] › e2e/window-shell.test.ts:318:5 › T026 shell matrix 1280 material light ──────────

    Error: expect(page).toHaveScreenshot(expected) failed

      7378 pixels (ratio 0.01 of all image pixels) are different.

      Snapshot: window-shell-1280-material-light.png

    Call log:
      - Expect "toHaveScreenshot(window-shell-1280-material-light.png)" with timeout 5000ms
        - verifying given screenshot expectation
      - taking page screenshot
        - disabled all CSS animations
      - waiting for fonts to load...
      - fonts loaded
      - 7378 pixels (ratio 0.01 of all image pixels) are different.
      - waiting 100ms before taking screenshot
      - taking page screenshot
        - disabled all CSS animations
      - waiting for fonts to load...
      - fonts loaded
      - captured a stable screenshot
      - 7378 pixels (ratio 0.01 of all image pixels) are different.


      423 |           '.monaco-editor .cursor, .monaco-editor .decorationsOverviewRuler { visibility: hidden !important; }',
      424 |       });
    > 425 |       await expect(page).toHaveScreenshot(
          |                          ^
      426 |         `window-shell-${width}-${theme}-${mode}.png`,
      427 |         {
      428 |           animations: 'disabled',
        at /Users/ok/Development/GitHub/go_mark_edit/frontend/e2e/window-shell.test.ts:425:26

    attachment #1: window-shell-1280-material-light (image/png) ────────────────────────────────────
    Expected: e2e/window-shell.test.ts-snapshots/window-shell-1280-material-light.png
    Received: test-results/e2e-window-shell-T026-shell-matrix-1280-material-light-chromium/window-shell-1280-material-light-actual.png
    Diff:     test-results/e2e-window-shell-T026-shell-matrix-1280-material-light-chromium/window-shell-1280-material-light-diff.png
    ────────────────────────────────────────────────────────────────────────────────────────────────

    Error Context: test-results/e2e-window-shell-T026-shell-matrix-1280-material-light-chromium/error-context.md

  39) [chromium] › e2e/window-shell.test.ts:318:5 › T026 shell matrix 1280 material dark ───────────

    Error: expect(page).toHaveScreenshot(expected) failed

      7464 pixels (ratio 0.01 of all image pixels) are different.

      Snapshot: window-shell-1280-material-dark.png

    Call log:
      - Expect "toHaveScreenshot(window-shell-1280-material-dark.png)" with timeout 5000ms
        - verifying given screenshot expectation
      - taking page screenshot
        - disabled all CSS animations
      - waiting for fonts to load...
      - fonts loaded
      - 7464 pixels (ratio 0.01 of all image pixels) are different.
      - waiting 100ms before taking screenshot
      - taking page screenshot
        - disabled all CSS animations
      - waiting for fonts to load...
      - fonts loaded
      - captured a stable screenshot
      - 7464 pixels (ratio 0.01 of all image pixels) are different.


      423 |           '.monaco-editor .cursor, .monaco-editor .decorationsOverviewRuler { visibility: hidden !important; }',
      424 |       });
    > 425 |       await expect(page).toHaveScreenshot(
          |                          ^
      426 |         `window-shell-${width}-${theme}-${mode}.png`,
      427 |         {
      428 |           animations: 'disabled',
        at /Users/ok/Development/GitHub/go_mark_edit/frontend/e2e/window-shell.test.ts:425:26

    attachment #1: window-shell-1280-material-dark (image/png) ─────────────────────────────────────
    Expected: e2e/window-shell.test.ts-snapshots/window-shell-1280-material-dark.png
    Received: test-results/e2e-window-shell-T026-shell-matrix-1280-material-dark-chromium/window-shell-1280-material-dark-actual.png
    Diff:     test-results/e2e-window-shell-T026-shell-matrix-1280-material-dark-chromium/window-shell-1280-material-dark-diff.png
    ────────────────────────────────────────────────────────────────────────────────────────────────

    Error Context: test-results/e2e-window-shell-T026-shell-matrix-1280-material-dark-chromium/error-context.md

  40) [chromium] › e2e/window-shell.test.ts:318:5 › T026 shell matrix 1280 minimal light ───────────

    Error: expect(page).toHaveScreenshot(expected) failed

      7620 pixels (ratio 0.01 of all image pixels) are different.

      Snapshot: window-shell-1280-minimal-light.png

    Call log:
      - Expect "toHaveScreenshot(window-shell-1280-minimal-light.png)" with timeout 5000ms
        - verifying given screenshot expectation
      - taking page screenshot
        - disabled all CSS animations
      - waiting for fonts to load...
      - fonts loaded
      - 7620 pixels (ratio 0.01 of all image pixels) are different.
      - waiting 100ms before taking screenshot
      - taking page screenshot
        - disabled all CSS animations
      - waiting for fonts to load...
      - fonts loaded
      - captured a stable screenshot
      - 7620 pixels (ratio 0.01 of all image pixels) are different.


      423 |           '.monaco-editor .cursor, .monaco-editor .decorationsOverviewRuler { visibility: hidden !important; }',
      424 |       });
    > 425 |       await expect(page).toHaveScreenshot(
          |                          ^
      426 |         `window-shell-${width}-${theme}-${mode}.png`,
      427 |         {
      428 |           animations: 'disabled',
        at /Users/ok/Development/GitHub/go_mark_edit/frontend/e2e/window-shell.test.ts:425:26

    attachment #1: window-shell-1280-minimal-light (image/png) ─────────────────────────────────────
    Expected: e2e/window-shell.test.ts-snapshots/window-shell-1280-minimal-light.png
    Received: test-results/e2e-window-shell-T026-shell-matrix-1280-minimal-light-chromium/window-shell-1280-minimal-light-actual.png
    Diff:     test-results/e2e-window-shell-T026-shell-matrix-1280-minimal-light-chromium/window-shell-1280-minimal-light-diff.png
    ────────────────────────────────────────────────────────────────────────────────────────────────

    Error Context: test-results/e2e-window-shell-T026-shell-matrix-1280-minimal-light-chromium/error-context.md

  41) [chromium] › e2e/window-shell.test.ts:318:5 › T026 shell matrix 1280 minimal dark ────────────

    Error: expect(page).toHaveScreenshot(expected) failed

      7737 pixels (ratio 0.01 of all image pixels) are different.

      Snapshot: window-shell-1280-minimal-dark.png

    Call log:
      - Expect "toHaveScreenshot(window-shell-1280-minimal-dark.png)" with timeout 5000ms
        - verifying given screenshot expectation
      - taking page screenshot
        - disabled all CSS animations
      - waiting for fonts to load...
      - fonts loaded
      - 7737 pixels (ratio 0.01 of all image pixels) are different.
      - waiting 100ms before taking screenshot
      - taking page screenshot
        - disabled all CSS animations
      - waiting for fonts to load...
      - fonts loaded
      - captured a stable screenshot
      - 7737 pixels (ratio 0.01 of all image pixels) are different.


      423 |           '.monaco-editor .cursor, .monaco-editor .decorationsOverviewRuler { visibility: hidden !important; }',
      424 |       });
    > 425 |       await expect(page).toHaveScreenshot(
          |                          ^
      426 |         `window-shell-${width}-${theme}-${mode}.png`,
      427 |         {
      428 |           animations: 'disabled',
        at /Users/ok/Development/GitHub/go_mark_edit/frontend/e2e/window-shell.test.ts:425:26

    attachment #1: window-shell-1280-minimal-dark (image/png) ──────────────────────────────────────
    Expected: e2e/window-shell.test.ts-snapshots/window-shell-1280-minimal-dark.png
    Received: test-results/e2e-window-shell-T026-shell-matrix-1280-minimal-dark-chromium/window-shell-1280-minimal-dark-actual.png
    Diff:     test-results/e2e-window-shell-T026-shell-matrix-1280-minimal-dark-chromium/window-shell-1280-minimal-dark-diff.png
    ────────────────────────────────────────────────────────────────────────────────────────────────

    Error Context: test-results/e2e-window-shell-T026-shell-matrix-1280-minimal-dark-chromium/error-context.md

  42) [chromium] › e2e/window-shell.test.ts:528:1 › T026 shell actions, focus, reset, sidebar, notification, identity, and absence 

    Test timeout of 30000ms exceeded.

    Error: locator.click: Test timeout of 30000ms exceeded.
    Call log:
      - waiting for getByRole('menuitemcheckbox', { name: 'Toggle Sidebar' })
        - locator resolved to <div tabindex="-1" aria-checked="true" data-state="checked" class="_item_tg2ch_3" role="menuitemcheckbox" data-orientation="vertical" data-radix-collection-item="">Toggle Sidebar</div>
      - attempting click action
        2 × waiting for element to be visible, enabled and stable
          - element is visible, enabled and stable
          - scrolling into view if needed
          - done scrolling
          - element is outside of the viewport
        - retrying click action
        - waiting 20ms
        2 × waiting for element to be visible, enabled and stable
          - element is visible, enabled and stable
          - scrolling into view if needed
          - done scrolling
          - element is outside of the viewport
        - retrying click action
          - waiting 100ms
        57 × waiting for element to be visible, enabled and stable
           - element is visible, enabled and stable
           - scrolling into view if needed
           - done scrolling
           - element is outside of the viewport
         - retrying click action
           - waiting 500ms


      550 |     name: 'Toggle Sidebar',
      551 |   });
    > 552 |   await workspaceToggle.click();
          |                         ^
      553 |   await expect(
      554 |     page.getByRole('complementary', { name: 'Workspace' }),
      555 |   ).toBeHidden();
        at /Users/ok/Development/GitHub/go_mark_edit/frontend/e2e/window-shell.test.ts:552:25

    Error Context: test-results/e2e-window-shell-T026-shel-420d9-cation-identity-and-absence-chromium/error-context.md

  43) [chromium] › e2e/window-shell.test.ts:584:1 › T029 keeps a long localized shell label and its two-layer keyboard focus ring visible 

    Error: expect(locator).toBeFocused() failed

    Locator: getByRole('navigation', { name: 'Application actions' }).getByRole('button', { name: 'Settings' })
    Expected: focused
    Timeout: 5000ms
    Error: element(s) not found

    Call log:
      - Expect "toBeFocused" with timeout 5000ms
      - waiting for getByRole('navigation', { name: 'Application actions' }).getByRole('button', { name: 'Settings' })


      598 |       'Einstellungen und Arbeitsbereichsoptionen fuer die Dokumentbearbeitung';
      599 |   });
    > 600 |   await expect(settings).toBeFocused();
          |                          ^
      601 |   await expect(settings).toHaveAccessibleName(
      602 |     'Einstellungen und Arbeitsbereichsoptionen fuer die Dokumentbearbeitung',
      603 |   );
        at /Users/ok/Development/GitHub/go_mark_edit/frontend/e2e/window-shell.test.ts:600:26

    Error Context: test-results/e2e-window-shell-T029-keep-5b8a9-keyboard-focus-ring-visible-chromium/error-context.md

  43 failed
    [chromium] › e2e/appearance.test.ts:18:1 › changes all six palettes through keyboard reachable appearance controls without overflow 
    [chromium] › e2e/appearance.test.ts:143:1 › retains the acknowledged palette when the bridge rejects an appearance write 
    [chromium] › e2e/core-editor.test.ts:207:1 › STORY-022-AC-5 round trips an edit through Preview responsively 
    [chromium] › e2e/core-editor.test.ts:495:1 › STORY-018-AC-3 matches the approved split-view reference 
    [chromium] › e2e/core-editor.test.ts:596:1 › STORY-018-AC-4 verifies view-mode and View-menu interaction 
    [chromium] › e2e/editor-stage.test.ts:108:7 › T070 1280px Liquid Glass Follows system keeps popup ownership and geometry safe 
    [chromium] › e2e/editor-stage.test.ts:108:7 › T070 1280px Liquid Glass Light keeps popup ownership and geometry safe 
    [chromium] › e2e/editor-stage.test.ts:108:7 › T070 1280px Liquid Glass Dark keeps popup ownership and geometry safe 
    [chromium] › e2e/editor-stage.test.ts:108:7 › T070 1280px Material Follows system keeps popup ownership and geometry safe 
    [chromium] › e2e/editor-stage.test.ts:108:7 › T070 1280px Material Light keeps popup ownership and geometry safe 
    [chromium] › e2e/editor-stage.test.ts:108:7 › T070 1280px Material Dark keeps popup ownership and geometry safe 
    [chromium] › e2e/editor-stage.test.ts:108:7 › T070 1280px Minimal Follows system keeps popup ownership and geometry safe 
    [chromium] › e2e/editor-stage.test.ts:108:7 › T070 1280px Minimal Light keeps popup ownership and geometry safe 
    [chromium] › e2e/editor-stage.test.ts:108:7 › T070 1280px Minimal Dark keeps popup ownership and geometry safe 
    [chromium] › e2e/editor-stage.test.ts:108:7 › T070 768px Liquid Glass Follows system keeps popup ownership and geometry safe 
    [chromium] › e2e/editor-stage.test.ts:108:7 › T070 768px Liquid Glass Light keeps popup ownership and geometry safe 
    [chromium] › e2e/editor-stage.test.ts:108:7 › T070 768px Liquid Glass Dark keeps popup ownership and geometry safe 
    [chromium] › e2e/editor-stage.test.ts:108:7 › T070 768px Material Follows system keeps popup ownership and geometry safe 
    [chromium] › e2e/editor-stage.test.ts:108:7 › T070 768px Material Light keeps popup ownership and geometry safe 
    [chromium] › e2e/editor-stage.test.ts:108:7 › T070 768px Material Dark keeps popup ownership and geometry safe 
    [chromium] › e2e/editor-stage.test.ts:108:7 › T070 768px Minimal Follows system keeps popup ownership and geometry safe 
    [chromium] › e2e/editor-stage.test.ts:108:7 › T070 768px Minimal Light keeps popup ownership and geometry safe 
    [chromium] › e2e/editor-stage.test.ts:108:7 › T070 768px Minimal Dark keeps popup ownership and geometry safe 
    [chromium] › e2e/window-shell.test.ts:318:5 › T026 shell matrix 375 glass light ────────────────
    [chromium] › e2e/window-shell.test.ts:318:5 › T026 shell matrix 375 glass dark ─────────────────
    [chromium] › e2e/window-shell.test.ts:318:5 › T026 shell matrix 375 material light ─────────────
    [chromium] › e2e/window-shell.test.ts:318:5 › T026 shell matrix 375 material dark ──────────────
    [chromium] › e2e/window-shell.test.ts:318:5 › T026 shell matrix 375 minimal light ──────────────
    [chromium] › e2e/window-shell.test.ts:318:5 › T026 shell matrix 375 minimal dark ───────────────
    [chromium] › e2e/window-shell.test.ts:318:5 › T026 shell matrix 768 glass light ────────────────
    [chromium] › e2e/window-shell.test.ts:318:5 › T026 shell matrix 768 glass dark ─────────────────
    [chromium] › e2e/window-shell.test.ts:318:5 › T026 shell matrix 768 material light ─────────────
    [chromium] › e2e/window-shell.test.ts:318:5 › T026 shell matrix 768 material dark ──────────────
    [chromium] › e2e/window-shell.test.ts:318:5 › T026 shell matrix 768 minimal light ──────────────
    [chromium] › e2e/window-shell.test.ts:318:5 › T026 shell matrix 768 minimal dark ───────────────
    [chromium] › e2e/window-shell.test.ts:318:5 › T026 shell matrix 1280 glass light ───────────────
    [chromium] › e2e/window-shell.test.ts:318:5 › T026 shell matrix 1280 glass dark ────────────────
    [chromium] › e2e/window-shell.test.ts:318:5 › T026 shell matrix 1280 material light ────────────
    [chromium] › e2e/window-shell.test.ts:318:5 › T026 shell matrix 1280 material dark ─────────────
    [chromium] › e2e/window-shell.test.ts:318:5 › T026 shell matrix 1280 minimal light ─────────────
    [chromium] › e2e/window-shell.test.ts:318:5 › T026 shell matrix 1280 minimal dark ──────────────
    [chromium] › e2e/window-shell.test.ts:528:1 › T026 shell actions, focus, reset, sidebar, notification, identity, and absence 
    [chromium] › e2e/window-shell.test.ts:584:1 › T029 keeps a long localized shell label and its two-layer keyboard focus ring visible 
  105 passed (3.0m)

