bash scripts/verify.sh 002-editor-stage-formatting
Verifying 002-editor-stage-formatting against docs/delivery/work/baselines/feature-002-editor-stage-formatting.md
  running build          ok
  running fmt-check      ok
  running typecheck      ok
  running lint           ok
  running test           ok
  running archtest       ok
| #   | check                        | result |
|-----|------------------------------|--------|
| M1  | format                       | PASS |
| M2  | types                        | PASS |
| M3  | static analysis              | PASS |
| M4  | tests                        | PASS |
| M5  | architecture                 | PASS |
| M6  | build                        | PASS |
Logs: /var/folders/r9/r0j788zn3x1g25mmm_xs4wgw0000gn/T/tmp.nlsl1Tpp35
verify 002-editor-stage-formatting: every mechanical check passes against the baseline.
Still owed by a person: M7 new code is tested, M8 no placeholders, M11 descriptive docs current,
M13 scope declared, and the walkthrough in the story's Definition of Done.
